
Discarded input sections

 .data          0x0000000000000000        0x0 build/obj/crt0_v7m.o
 .bss           0x0000000000000000        0x0 build/obj/crt0_v7m.o
 .data          0x0000000000000000        0x0 build/obj/chcoreasm_v7m.o
 .bss           0x0000000000000000        0x0 build/obj/chcoreasm_v7m.o
 .text          0x0000000000000000        0x0 build/obj/crt1.o (symbol from plugin)
 .text          0x0000000000000000        0x0 /var/folders/c6/c789hm653lg9vtl73krp73tm0000gn/T//ccS6MIhq.ltrans0.ltrans.o
 .data          0x0000000000000000        0x0 /var/folders/c6/c789hm653lg9vtl73krp73tm0000gn/T//ccS6MIhq.ltrans0.ltrans.o
 .bss           0x0000000000000000        0x0 /var/folders/c6/c789hm653lg9vtl73krp73tm0000gn/T//ccS6MIhq.ltrans0.ltrans.o
 .text          0x0000000000000000        0x0 /var/folders/c6/c789hm653lg9vtl73krp73tm0000gn/T//ccS6MIhq.ltrans1.ltrans.o
 .data          0x0000000000000000        0x0 /var/folders/c6/c789hm653lg9vtl73krp73tm0000gn/T//ccS6MIhq.ltrans1.ltrans.o
 .bss           0x0000000000000000        0x0 /var/folders/c6/c789hm653lg9vtl73krp73tm0000gn/T//ccS6MIhq.ltrans1.ltrans.o
 .text          0x0000000000000000        0x0 /var/folders/c6/c789hm653lg9vtl73krp73tm0000gn/T//ccS6MIhq.ltrans2.ltrans.o
 .data          0x0000000000000000        0x0 /var/folders/c6/c789hm653lg9vtl73krp73tm0000gn/T//ccS6MIhq.ltrans2.ltrans.o
 .bss           0x0000000000000000        0x0 /var/folders/c6/c789hm653lg9vtl73krp73tm0000gn/T//ccS6MIhq.ltrans2.ltrans.o
 .text          0x0000000000000000        0x0 /var/folders/c6/c789hm653lg9vtl73krp73tm0000gn/T//ccS6MIhq.ltrans3.ltrans.o
 .data          0x0000000000000000        0x0 /var/folders/c6/c789hm653lg9vtl73krp73tm0000gn/T//ccS6MIhq.ltrans3.ltrans.o
 .bss           0x0000000000000000        0x0 /var/folders/c6/c789hm653lg9vtl73krp73tm0000gn/T//ccS6MIhq.ltrans3.ltrans.o
 .text          0x0000000000000000        0x0 /var/folders/c6/c789hm653lg9vtl73krp73tm0000gn/T//ccS6MIhq.ltrans4.ltrans.o
 .data          0x0000000000000000        0x0 /var/folders/c6/c789hm653lg9vtl73krp73tm0000gn/T//ccS6MIhq.ltrans4.ltrans.o
 .bss           0x0000000000000000        0x0 /var/folders/c6/c789hm653lg9vtl73krp73tm0000gn/T//ccS6MIhq.ltrans4.ltrans.o
 .text          0x0000000000000000        0x0 /var/folders/c6/c789hm653lg9vtl73krp73tm0000gn/T//ccS6MIhq.ltrans5.ltrans.o
 .data          0x0000000000000000        0x0 /var/folders/c6/c789hm653lg9vtl73krp73tm0000gn/T//ccS6MIhq.ltrans5.ltrans.o
 .bss           0x0000000000000000        0x0 /var/folders/c6/c789hm653lg9vtl73krp73tm0000gn/T//ccS6MIhq.ltrans5.ltrans.o
 .text          0x0000000000000000        0x0 /var/folders/c6/c789hm653lg9vtl73krp73tm0000gn/T//ccS6MIhq.ltrans6.ltrans.o
 .data          0x0000000000000000        0x0 /var/folders/c6/c789hm653lg9vtl73krp73tm0000gn/T//ccS6MIhq.ltrans6.ltrans.o
 .bss           0x0000000000000000        0x0 /var/folders/c6/c789hm653lg9vtl73krp73tm0000gn/T//ccS6MIhq.ltrans6.ltrans.o
 .text          0x0000000000000000        0x0 /var/folders/c6/c789hm653lg9vtl73krp73tm0000gn/T//ccS6MIhq.ltrans7.ltrans.o
 .data          0x0000000000000000        0x0 /var/folders/c6/c789hm653lg9vtl73krp73tm0000gn/T//ccS6MIhq.ltrans7.ltrans.o
 .bss           0x0000000000000000        0x0 /var/folders/c6/c789hm653lg9vtl73krp73tm0000gn/T//ccS6MIhq.ltrans7.ltrans.o
 .text          0x0000000000000000        0x0 /var/folders/c6/c789hm653lg9vtl73krp73tm0000gn/T//ccS6MIhq.ltrans8.ltrans.o
 .data          0x0000000000000000        0x0 /var/folders/c6/c789hm653lg9vtl73krp73tm0000gn/T//ccS6MIhq.ltrans8.ltrans.o
 .bss           0x0000000000000000        0x0 /var/folders/c6/c789hm653lg9vtl73krp73tm0000gn/T//ccS6MIhq.ltrans8.ltrans.o
 .text          0x0000000000000000        0x0 build/obj/vectors.o (symbol from plugin)
 .text          0x0000000000000000        0x0 build/obj/chsys.o (symbol from plugin)
 .text          0x0000000000000000        0x0 build/obj/chdebug.o (symbol from plugin)
 .text          0x0000000000000000        0x0 build/obj/chvt.o (symbol from plugin)
 .text          0x0000000000000000        0x0 build/obj/chschd.o (symbol from plugin)
 .text          0x0000000000000000        0x0 build/obj/chthreads.o (symbol from plugin)
 .text          0x0000000000000000        0x0 build/obj/chtm.o (symbol from plugin)
 .text          0x0000000000000000        0x0 build/obj/chdynamic.o (symbol from plugin)
 .text          0x0000000000000000        0x0 build/obj/chregistry.o (symbol from plugin)
 .text          0x0000000000000000        0x0 build/obj/chsem.o (symbol from plugin)
 .text          0x0000000000000000        0x0 build/obj/chmtx.o (symbol from plugin)
 .text          0x0000000000000000        0x0 build/obj/chcond.o (symbol from plugin)
 .text          0x0000000000000000        0x0 build/obj/chevents.o (symbol from plugin)
 .text          0x0000000000000000        0x0 build/obj/chmsg.o (symbol from plugin)
 .text          0x0000000000000000        0x0 build/obj/chmboxes.o (symbol from plugin)
[...]
Memory Configuration

Name             Origin             Length             Attributes
flash            0x0000000008000000 0x0000000000100000
ram0             0x0000000020000000 0x0000000000020000
ram1             0x0000000020000000 0x000000000001c000
ram2             0x000000002001c000 0x0000000000004000
ram3             0x0000000000000000 0x0000000000000000
ram4             0x0000000010000000 0x0000000000010000
ram5             0x0000000040024000 0x0000000000001000
ram6             0x0000000000000000 0x0000000000000000
ram7             0x0000000000000000 0x0000000000000000
*default*        0x0000000000000000 0xffffffffffffffff

Linker script and memory map

LOAD build/obj/crt0_v7m.o
LOAD build/obj/chcoreasm_v7m.o
LOAD build/obj/crt1.o
LOAD /var/folders/c6/c789hm653lg9vtl73krp73tm0000gn/T//ccS6MIhq.ltrans0.ltrans.o
LOAD /var/folders/c6/c789hm653lg9vtl73krp73tm0000gn/T//ccS6MIhq.ltrans1.ltrans.o
LOAD /var/folders/c6/c789hm653lg9vtl73krp73tm0000gn/T//ccS6MIhq.ltrans2.ltrans.o
LOAD /var/folders/c6/c789hm653lg9vtl73krp73tm0000gn/T//ccS6MIhq.ltrans3.ltrans.o
LOAD /var/folders/c6/c789hm653lg9vtl73krp73tm0000gn/T//ccS6MIhq.ltrans4.ltrans.o
LOAD /var/folders/c6/c789hm653lg9vtl73krp73tm0000gn/T//ccS6MIhq.ltrans5.ltrans.o
LOAD /var/folders/c6/c789hm653lg9vtl73krp73tm0000gn/T//ccS6MIhq.ltrans6.ltrans.o
LOAD /var/folders/c6/c789hm653lg9vtl73krp73tm0000gn/T//ccS6MIhq.ltrans7.ltrans.o
LOAD /var/folders/c6/c789hm653lg9vtl73krp73tm0000gn/T//ccS6MIhq.ltrans8.ltrans.o
LOAD /usr/local/Cellar/gcc-arm-none-eabi/20140805/bin/../lib/gcc/arm-none-eabi/4.8.4/armv7e-m/libgcc.a
LOAD /usr/local/Cellar/gcc-arm-none-eabi/20140805/bin/../lib/gcc/arm-none-eabi/4.8.4/../../../../arm-none-eabi/lib/armv7e-m/libg.a
LOAD /usr/local/Cellar/gcc-arm-none-eabi/20140805/bin/../lib/gcc/arm-none-eabi/4.8.4/../../../../arm-none-eabi/lib/armv7e-m/libc.a
LOAD build/obj/vectors.o
LOAD build/obj/chsys.o
LOAD build/obj/chdebug.o
LOAD build/obj/chvt.o
LOAD build/obj/chschd.o
LOAD build/obj/chthreads.o
LOAD build/obj/chtm.o
LOAD build/obj/chdynamic.o
LOAD build/obj/chregistry.o
LOAD build/obj/chsem.o
LOAD build/obj/chmtx.o
LOAD build/obj/chcond.o
LOAD build/obj/chevents.o
LOAD build/obj/chmsg.o
LOAD build/obj/chmboxes.o
LOAD build/obj/chqueues.o
LOAD build/obj/chmemcore.o
LOAD build/obj/chheap.o
LOAD build/obj/chmempools.o
LOAD build/obj/chcore.o
LOAD build/obj/chcore_v7m.o
LOAD build/obj/osal.o
LOAD build/obj/hal.o
LOAD build/obj/st.o
LOAD build/obj/hal_queues.o
LOAD build/obj/hal_mmcsd.o
LOAD build/obj/pal.o
LOAD build/obj/serial.o
LOAD build/obj/usb.o
LOAD build/obj/nvic.o
LOAD build/obj/stm32_dma.o
LOAD build/obj/hal_lld.o
LOAD build/obj/st_lld.o
LOAD build/obj/pal_lld.o
LOAD build/obj/usb_lld.o
LOAD build/obj/serial_lld.o
LOAD build/obj/board.o
LOAD build/obj/test.o
LOAD build/obj/testthd.o
LOAD build/obj/testsem.o
LOAD build/obj/testmtx.o
LOAD build/obj/testmsg.o
LOAD build/obj/testmbox.o
LOAD build/obj/testevt.o
LOAD build/obj/testheap.o
LOAD build/obj/testpools.o
LOAD build/obj/testdyn.o
LOAD build/obj/testqueues.o
LOAD build/obj/testsys.o
LOAD build/obj/testbmk.o
LOAD build/obj/main.o
                0x0000000020000000                __ram0_start__ = ORIGIN (ram0)
                0x0000000000020000                __ram0_size__ = 0x20000
                0x0000000020020000                __ram0_end__ = (__ram0_start__ + __ram0_size__)
                0x0000000020000000                __ram1_start__ = ORIGIN (ram1)
                0x000000000001c000                __ram1_size__ = 0x1c000
                0x000000002001c000                __ram1_end__ = (__ram1_start__ + __ram1_size__)
                0x000000002001c000                __ram2_start__ = ORIGIN (ram2)
                0x0000000000004000                __ram2_size__ = 0x4000
                0x0000000020020000                __ram2_end__ = (__ram2_start__ + __ram2_size__)
                0x0000000000000000                __ram3_start__ = ORIGIN (ram3)
                0x0000000000000000                __ram3_size__ = 0x0
                0x0000000000000000                __ram3_end__ = (__ram3_start__ + __ram3_size__)
                0x0000000010000000                __ram4_start__ = ORIGIN (ram4)
                0x0000000000010000                __ram4_size__ = 0x10000
                0x0000000010010000                __ram4_end__ = (__ram4_start__ + __ram4_size__)
                0x0000000040024000                __ram5_start__ = ORIGIN (ram5)
                0x0000000000001000                __ram5_size__ = 0x1000
                0x0000000040025000                __ram5_end__ = (__ram5_start__ + __ram5_size__)
                0x0000000000000000                __ram6_start__ = ORIGIN (ram6)
                0x0000000000000000                __ram6_size__ = 0x0
                0x0000000000000000                __ram6_end__ = (__ram6_start__ + __ram6_size__)
                0x0000000000000000                __ram7_start__ = ORIGIN (ram7)
                0x0000000000000000                __ram7_size__ = 0x0
                0x0000000000000000                __ram7_end__ = (__ram7_start__ + __ram7_size__)
                0x0000000000000000                . = 0x0
                0x0000000000000000                _text = .

startup         0x0000000008000000      0x1c0
 *(.vectors)
 .vectors       0x0000000008000000      0x1c0 /var/folders/c6/c789hm653lg9vtl73krp73tm0000gn/T//ccS6MIhq.ltrans6.ltrans.o
                0x0000000008000000                _vectors

constructors    0x00000000080001c0        0x0
                0x00000000080001c0                PROVIDE (__init_array_start, .)
 *(SORT(.init_array.*))
 *(.init_array)
                0x00000000080001c0                PROVIDE (__init_array_end, .)

destructors     0x00000000080001c0        0x0
                0x00000000080001c0                PROVIDE (__fini_array_start, .)
 *(.fini_array)
 *(SORT(.fini_array.*))
                0x00000000080001c0                PROVIDE (__fini_array_end, .)

.text           0x00000000080001c0     0x72d8
 *(.text)
 .text          0x00000000080001c0       0xd0 build/obj/crt0_v7m.o
                0x00000000080001c0                Reset_Handler
 .text          0x0000000008000290       0x28 build/obj/chcoreasm_v7m.o
                0x0000000008000290                _port_switch
                0x00000000080002a0                _port_thread_start
                0x00000000080002b0                _port_switch_from_isr
                0x00000000080002b4                _port_exit_from_isr
 *(.text.*)
 *fill*         0x00000000080002b8        0x8 
 .text.dyn2_setup.10845
                0x00000000080002c0       0x20 /var/folders/c6/c789hm653lg9vtl73krp73tm0000gn/T//ccS6MIhq.ltrans0.ltrans.o
                0x00000000080002c0                dyn2_setup.10845
 .text.tmo.11376
                0x00000000080002e0       0x10 /var/folders/c6/c789hm653lg9vtl73krp73tm0000gn/T//ccS6MIhq.ltrans0.ltrans.o
                0x00000000080002e0                tmo.11376
 .text.sys2_execute.11164
                0x00000000080002f0       0x20 /var/folders/c6/c789hm653lg9vtl73krp73tm0000gn/T//ccS6MIhq.ltrans0.ltrans.o
                0x00000000080002f0                sys2_execute.11164
 .text.notify.11016
                0x0000000008000310       0x10 /var/folders/c6/c789hm653lg9vtl73krp73tm0000gn/T//ccS6MIhq.ltrans0.ltrans.o
                0x0000000008000310                notify.11016
 .text.pools1_setup.10705
                0x0000000008000320       0x20 /var/folders/c6/c789hm653lg9vtl73krp73tm0000gn/T//ccS6MIhq.ltrans0.ltrans.o
                0x0000000008000320                pools1_setup.10705
 .text.null_provider.10702
                0x0000000008000340       0x10 /var/folders/c6/c789hm653lg9vtl73krp73tm0000gn/T//ccS6MIhq.ltrans0.ltrans.o
                0x0000000008000340                null_provider.10702
 .text.mtx5_setup.9925
                0x0000000008000350       0x10 /var/folders/c6/c789hm653lg9vtl73krp73tm0000gn/T//ccS6MIhq.ltrans0.ltrans.o
                0x0000000008000350                mtx5_setup.9925
 .text.thread4.11367
                0x0000000008000360       0x30 /var/folders/c6/c789hm653lg9vtl73krp73tm0000gn/T//ccS6MIhq.ltrans0.ltrans.o
                0x0000000008000360                thread4.11367
 .text.thread3.9659.4226
                0x0000000008000390       0x20 /var/folders/c6/c789hm653lg9vtl73krp73tm0000gn/T//ccS6MIhq.ltrans0.ltrans.o
 .text.thread3.11370
                0x00000000080003b0       0x30 /var/folders/c6/c789hm653lg9vtl73krp73tm0000gn/T//ccS6MIhq.ltrans0.ltrans.o
                0x00000000080003b0                thread3.11370
 .text.chSemSignalWait.constprop.48.4236
                0x00000000080003e0       0x70 /var/folders/c6/c789hm653lg9vtl73krp73tm0000gn/T//ccS6MIhq.ltrans0.ltrans.o
 .text.thread.10834
                0x0000000008000450       0x10 /var/folders/c6/c789hm653lg9vtl73krp73tm0000gn/T//ccS6MIhq.ltrans0.ltrans.o
                0x0000000008000450                thread.10834
 .text.h1.10417
                0x0000000008000460       0x10 /var/folders/c6/c789hm653lg9vtl73krp73tm0000gn/T//ccS6MIhq.ltrans0.ltrans.o
                0x0000000008000460                h1.10417
 .text.h2.10414
                0x0000000008000470       0x10 /var/folders/c6/c789hm653lg9vtl73krp73tm0000gn/T//ccS6MIhq.ltrans0.ltrans.o
                0x0000000008000470                h2.10414
 .text.h3.10411
                0x0000000008000480       0x10 /var/folders/c6/c789hm653lg9vtl73krp73tm0000gn/T//ccS6MIhq.ltrans0.ltrans.o
                0x0000000008000480                h3.10411
 .text.thread1.9650
                0x0000000008000490       0x20 /var/folders/c6/c789hm653lg9vtl73krp73tm0000gn/T//ccS6MIhq.ltrans0.ltrans.o
                0x0000000008000490                thread1.9650
 .text.thread.9380
                0x00000000080004b0       0x10 /var/folders/c6/c789hm653lg9vtl73krp73tm0000gn/T//ccS6MIhq.ltrans0.ltrans.o
                0x00000000080004b0                thread.9380
 .text.thread12.9913
                0x00000000080004c0       0x20 /var/folders/c6/c789hm653lg9vtl73krp73tm0000gn/T//ccS6MIhq.ltrans0.ltrans.o
                0x00000000080004c0                thread12.9913
 .text.thread1.9901
                0x00000000080004e0       0x20 /var/folders/c6/c789hm653lg9vtl73krp73tm0000gn/T//ccS6MIhq.ltrans0.ltrans.o
                0x00000000080004e0                thread1.9901
 .text.thread10.9910
                0x0000000008000500       0x70 /var/folders/c6/c789hm653lg9vtl73krp73tm0000gn/T//ccS6MIhq.ltrans0.ltrans.o
                0x0000000008000500                thread10.9910
 .text.thread8.11373
                0x0000000008000570       0x30 /var/folders/c6/c789hm653lg9vtl73krp73tm0000gn/T//ccS6MIhq.ltrans0.ltrans.o
                0x0000000008000570                thread8.11373
 .text.bmk13_execute.11379
                0x00000000080005a0       0xf0 /var/folders/c6/c789hm653lg9vtl73krp73tm0000gn/T//ccS6MIhq.ltrans0.ltrans.o
                0x00000000080005a0                bmk13_execute.11379
 .text.thread.10047
                0x0000000008000690       0x20 /var/folders/c6/c789hm653lg9vtl73krp73tm0000gn/T//ccS6MIhq.ltrans0.ltrans.o
                0x0000000008000690                thread.10047
 .text.chVTDoSetI
                0x00000000080006b0       0x80 /var/folders/c6/c789hm653lg9vtl73krp73tm0000gn/T//ccS6MIhq.ltrans0.ltrans.o
                0x00000000080006b0                chVTDoSetI
 .text.chSchGoSleepTimeoutS
                0x0000000008000730       0x50 /var/folders/c6/c789hm653lg9vtl73krp73tm0000gn/T//ccS6MIhq.ltrans0.ltrans.o
                0x0000000008000730                chSchGoSleepTimeoutS
 .text.chThdEnqueueTimeoutS
                0x0000000008000780       0x30 /var/folders/c6/c789hm653lg9vtl73krp73tm0000gn/T//ccS6MIhq.ltrans0.ltrans.o
                0x0000000008000780                chThdEnqueueTimeoutS
 .text.chTMStartMeasurementX.constprop.58
                0x00000000080007b0       0x10 /var/folders/c6/c789hm653lg9vtl73krp73tm0000gn/T//ccS6MIhq.ltrans0.ltrans.o
                0x00000000080007b0                chTMStartMeasurementX.constprop.58
 .text.chIQPutI
                0x00000000080007c0       0x60 /var/folders/c6/c789hm653lg9vtl73krp73tm0000gn/T//ccS6MIhq.ltrans0.ltrans.o
                0x00000000080007c0                chIQPutI
 .text.chCondSignal.constprop.45
                0x0000000008000820       0x30 /var/folders/c6/c789hm653lg9vtl73krp73tm0000gn/T//ccS6MIhq.ltrans0.ltrans.o
                0x0000000008000820                chCondSignal.constprop.45
 .text.chCondSignalI.constprop.44
                0x0000000008000850       0x30 /var/folders/c6/c789hm653lg9vtl73krp73tm0000gn/T//ccS6MIhq.ltrans0.ltrans.o
                0x0000000008000850                chCondSignalI.constprop.44
 .text.chEvtGetAndClearEvents.constprop.38
                0x0000000008000880       0x20 /var/folders/c6/c789hm653lg9vtl73krp73tm0000gn/T//ccS6MIhq.ltrans0.ltrans.o
                0x0000000008000880                chEvtGetAndClearEvents.constprop.38
 .text.evt3_setup.10426
                0x00000000080008a0       0x10 /var/folders/c6/c789hm653lg9vtl73krp73tm0000gn/T//ccS6MIhq.ltrans0.ltrans.o
                0x00000000080008a0                evt3_setup.10426
 .text.evt2_setup.10424
                0x00000000080008b0       0x10 /var/folders/c6/c789hm653lg9vtl73krp73tm0000gn/T//ccS6MIhq.ltrans0.ltrans.o
                0x00000000080008b0                evt2_setup.10424
 .text.evt1_setup.10422
                0x00000000080008c0       0x10 /var/folders/c6/c789hm653lg9vtl73krp73tm0000gn/T//ccS6MIhq.ltrans0.ltrans.o
                0x00000000080008c0                evt1_setup.10422
 .text.chEvtWaitOne.constprop.34
                0x00000000080008d0       0x40 /var/folders/c6/c789hm653lg9vtl73krp73tm0000gn/T//ccS6MIhq.ltrans0.ltrans.o
                0x00000000080008d0                chEvtWaitOne.constprop.34
 .text.unlikely.chEvtWaitAny.constprop.33
                0x0000000008000910       0x34 /var/folders/c6/c789hm653lg9vtl73krp73tm0000gn/T//ccS6MIhq.ltrans0.ltrans.o
                0x0000000008000910                chEvtWaitAny.constprop.33
 *fill*         0x0000000008000944        0xc 
 .text.chMBPostI.constprop.25
                0x0000000008000950       0x40 /var/folders/c6/c789hm653lg9vtl73krp73tm0000gn/T//ccS6MIhq.ltrans0.ltrans.o
                0x0000000008000950                chMBPostI.constprop.25
 .text.chMBPostAheadI.constprop.23
                0x0000000008000990       0x40 /var/folders/c6/c789hm653lg9vtl73krp73tm0000gn/T//ccS6MIhq.ltrans0.ltrans.o
                0x0000000008000990                chMBPostAheadI.constprop.23
 .text.unlikely.chMBFetchI.constprop.21
                0x00000000080009d0       0x3c /var/folders/c6/c789hm653lg9vtl73krp73tm0000gn/T//ccS6MIhq.ltrans0.ltrans.o
                0x00000000080009d0                chMBFetchI.constprop.21
 *fill*         0x0000000008000a0c        0x4 
 .text.usbStartReceiveI.constprop.11
                0x0000000008000a10       0x30 /var/folders/c6/c789hm653lg9vtl73krp73tm0000gn/T//ccS6MIhq.ltrans0.ltrans.o
                0x0000000008000a10                usbStartReceiveI.constprop.11
 .text.usbStartTransmitI.constprop.9
                0x0000000008000a40       0x40 /var/folders/c6/c789hm653lg9vtl73krp73tm0000gn/T//ccS6MIhq.ltrans0.ltrans.o
                0x0000000008000a40                usbStartTransmitI.constprop.9
 .text._pal_lld_setgroupmode.constprop.6
                0x0000000008000a80       0x90 /var/folders/c6/c789hm653lg9vtl73krp73tm0000gn/T//ccS6MIhq.ltrans0.ltrans.o
                0x0000000008000a80                _pal_lld_setgroupmode.constprop.6
 .text.test_terminate_threads
                0x0000000008000b10       0x30 /var/folders/c6/c789hm653lg9vtl73krp73tm0000gn/T//ccS6MIhq.ltrans0.ltrans.o
                0x0000000008000b10                test_terminate_threads
 .text._test_assert_time_window
                0x0000000008000b40       0x40 /var/folders/c6/c789hm653lg9vtl73krp73tm0000gn/T//ccS6MIhq.ltrans0.ltrans.o
                0x0000000008000b40                _test_assert_time_window
 .text._test_assert_sequence
                0x0000000008000b80       0x50 /var/folders/c6/c789hm653lg9vtl73krp73tm0000gn/T//ccS6MIhq.ltrans0.ltrans.o
                0x0000000008000b80                _test_assert_sequence
 .text._test_assert
                0x0000000008000bd0       0x30 /var/folders/c6/c789hm653lg9vtl73krp73tm0000gn/T//ccS6MIhq.ltrans0.ltrans.o
                0x0000000008000bd0                _test_assert
 .text.sem3_execute.9684
                0x0000000008000c00       0x90 /var/folders/c6/c789hm653lg9vtl73krp73tm0000gn/T//ccS6MIhq.ltrans0.ltrans.o
                0x0000000008000c00                sem3_execute.9684
 .text.sys3_execute.11184
                0x0000000008000c90       0x90 /var/folders/c6/c789hm653lg9vtl73krp73tm0000gn/T//ccS6MIhq.ltrans0.ltrans.o
                0x0000000008000c90                sys3_execute.11184
 .text.heap1_execute.10672
                0x0000000008000d20      0x240 /var/folders/c6/c789hm653lg9vtl73krp73tm0000gn/T//ccS6MIhq.ltrans0.ltrans.o
                0x0000000008000d20                heap1_execute.10672
 .text.thd3_execute.9387
                0x0000000008000f60      0x140 /var/folders/c6/c789hm653lg9vtl73krp73tm0000gn/T//ccS6MIhq.ltrans0.ltrans.o
                0x0000000008000f60                thd3_execute.9387
 .text.chOQGetI.4191
                0x00000000080010a0       0x50 /var/folders/c6/c789hm653lg9vtl73krp73tm0000gn/T//ccS6MIhq.ltrans1.ltrans.o
 .text.VectorD8
                0x00000000080010f0      0x150 /var/folders/c6/c789hm653lg9vtl73krp73tm0000gn/T//ccS6MIhq.ltrans1.ltrans.o
                0x00000000080010f0                VectorD8
 .text.queues2_execute.11035
                0x0000000008001240      0x280 /var/folders/c6/c789hm653lg9vtl73krp73tm0000gn/T//ccS6MIhq.ltrans1.ltrans.o
                0x0000000008001240                queues2_execute.11035
 .text._usb_ep0setup
                0x00000000080014c0      0x380 /var/folders/c6/c789hm653lg9vtl73krp73tm0000gn/T//ccS6MIhq.ltrans1.ltrans.o
                0x00000000080014c0                _usb_ep0setup
 .text.sem2_execute.9680
                0x0000000008001840      0x180 /var/folders/c6/c789hm653lg9vtl73krp73tm0000gn/T//ccS6MIhq.ltrans1.ltrans.o
                0x0000000008001840                sem2_execute.9680
 .text.thread2.10405
                0x00000000080019c0       0x40 /var/folders/c6/c789hm653lg9vtl73krp73tm0000gn/T//ccS6MIhq.ltrans1.ltrans.o
                0x00000000080019c0                thread2.10405
 .text.bmk7_execute.11396
                0x0000000008001a00      0x130 /var/folders/c6/c789hm653lg9vtl73krp73tm0000gn/T//ccS6MIhq.ltrans1.ltrans.o
                0x0000000008001a00                bmk7_execute.11396
 .text.evt1_execute.10420
                0x0000000008001b30       0xe0 /var/folders/c6/c789hm653lg9vtl73krp73tm0000gn/T//ccS6MIhq.ltrans1.ltrans.o
                0x0000000008001b30                evt1_execute.10420
 .text.thread2.11364
                0x0000000008001c10       0x20 /var/folders/c6/c789hm653lg9vtl73krp73tm0000gn/T//ccS6MIhq.ltrans1.ltrans.o
                0x0000000008001c10                thread2.11364
 .text.vtcb.11161
                0x0000000008001c30       0x30 /var/folders/c6/c789hm653lg9vtl73krp73tm0000gn/T//ccS6MIhq.ltrans1.ltrans.o
                0x0000000008001c30                vtcb.11161
 .text.pools1_execute.10709
                0x0000000008001c60       0xe0 /var/folders/c6/c789hm653lg9vtl73krp73tm0000gn/T//ccS6MIhq.ltrans2.ltrans.o
                0x0000000008001c60                pools1_execute.10709
 .text.bmk5_execute.11394
                0x0000000008001d40       0x70 /var/folders/c6/c789hm653lg9vtl73krp73tm0000gn/T//ccS6MIhq.ltrans2.ltrans.o
                0x0000000008001d40                bmk5_execute.11394
 .text.regfind.10847
                0x0000000008001db0       0x60 /var/folders/c6/c789hm653lg9vtl73krp73tm0000gn/T//ccS6MIhq.ltrans2.ltrans.o
                0x0000000008001db0                regfind.10847
 .text.test_wait_threads
                0x0000000008001e10       0x30 /var/folders/c6/c789hm653lg9vtl73krp73tm0000gn/T//ccS6MIhq.ltrans2.ltrans.o
                0x0000000008001e10                test_wait_threads
 .text.bmk1_execute.11386
                0x0000000008001e40       0x70 /var/folders/c6/c789hm653lg9vtl73krp73tm0000gn/T//ccS6MIhq.ltrans2.ltrans.o
                0x0000000008001e40                bmk1_execute.11386
 .text.bmk2_execute.11388
                0x0000000008001eb0       0x70 /var/folders/c6/c789hm653lg9vtl73krp73tm0000gn/T//ccS6MIhq.ltrans2.ltrans.o
                0x0000000008001eb0                bmk2_execute.11388
 .text.bmk3_execute.11390
                0x0000000008001f20       0xe0 /var/folders/c6/c789hm653lg9vtl73krp73tm0000gn/T//ccS6MIhq.ltrans2.ltrans.o
                0x0000000008001f20                bmk3_execute.11390
 .text.bmk4_execute.11392
                0x0000000008002000       0xc0 /var/folders/c6/c789hm653lg9vtl73krp73tm0000gn/T//ccS6MIhq.ltrans2.ltrans.o
                0x0000000008002000                bmk4_execute.11392
 .text.bmk8_execute.11402
                0x00000000080020c0       0xe0 /var/folders/c6/c789hm653lg9vtl73krp73tm0000gn/T//ccS6MIhq.ltrans2.ltrans.o
                0x00000000080020c0                bmk8_execute.11402
 .text.mtx1_execute.9919
                0x00000000080021a0       0xe0 /var/folders/c6/c789hm653lg9vtl73krp73tm0000gn/T//ccS6MIhq.ltrans2.ltrans.o
                0x00000000080021a0                mtx1_execute.9919
 .text.mtx4_execute.9927
                0x0000000008002280      0x260 /var/folders/c6/c789hm653lg9vtl73krp73tm0000gn/T//ccS6MIhq.ltrans2.ltrans.o
                0x0000000008002280                mtx4_execute.9927
 .text.mtx6_execute.9931
                0x00000000080024e0       0xe0 /var/folders/c6/c789hm653lg9vtl73krp73tm0000gn/T//ccS6MIhq.ltrans2.ltrans.o
                0x00000000080024e0                mtx6_execute.9931
 .text.mtx7_execute.9939
                0x00000000080025c0       0xf0 /var/folders/c6/c789hm653lg9vtl73krp73tm0000gn/T//ccS6MIhq.ltrans2.ltrans.o
                0x00000000080025c0                mtx7_execute.9939
 .text.mtx8_execute.9941
                0x00000000080026b0       0x90 /var/folders/c6/c789hm653lg9vtl73krp73tm0000gn/T//ccS6MIhq.ltrans2.ltrans.o
                0x00000000080026b0                mtx8_execute.9941
 .text.sem1_execute.9662
                0x0000000008002740      0x160 /var/folders/c6/c789hm653lg9vtl73krp73tm0000gn/T//ccS6MIhq.ltrans2.ltrans.o
                0x0000000008002740                sem1_execute.9662
 .text.thd1_execute.9383
                0x00000000080028a0       0xd0 /var/folders/c6/c789hm653lg9vtl73krp73tm0000gn/T//ccS6MIhq.ltrans2.ltrans.o
                0x00000000080028a0                thd1_execute.9383
 .text.thd2_execute.9385
                0x0000000008002970      0x150 /var/folders/c6/c789hm653lg9vtl73krp73tm0000gn/T//ccS6MIhq.ltrans2.ltrans.o
                0x0000000008002970                thd2_execute.9385
 .text.queues1_execute.11031
                0x0000000008002ac0      0x290 /var/folders/c6/c789hm653lg9vtl73krp73tm0000gn/T//ccS6MIhq.ltrans3.ltrans.o
                0x0000000008002ac0                queues1_execute.11031
 .text.chThdCreateFromMemoryPool.constprop.52.4171
                0x0000000008002d50       0xa0 /var/folders/c6/c789hm653lg9vtl73krp73tm0000gn/T//ccS6MIhq.ltrans3.ltrans.o
 .text.dyn2_execute.10843
                0x0000000008002df0       0xf0 /var/folders/c6/c789hm653lg9vtl73krp73tm0000gn/T//ccS6MIhq.ltrans3.ltrans.o
                0x0000000008002df0                dyn2_execute.10843
 .text.thread4.9653
                0x0000000008002ee0       0x30 /var/folders/c6/c789hm653lg9vtl73krp73tm0000gn/T//ccS6MIhq.ltrans3.ltrans.o
                0x0000000008002ee0                thread4.9653
 .text.mtx5_execute.9929
                0x0000000008002f10      0x100 /var/folders/c6/c789hm653lg9vtl73krp73tm0000gn/T//ccS6MIhq.ltrans3.ltrans.o
                0x0000000008002f10                mtx5_execute.9929
 .text._usb_ep0out
                0x0000000008003010       0xa0 /var/folders/c6/c789hm653lg9vtl73krp73tm0000gn/T//ccS6MIhq.ltrans3.ltrans.o
                0x0000000008003010                _usb_ep0out
 .text.chThdCreateFromHeap.constprop.53.4425
                0x00000000080030b0       0x90 /var/folders/c6/c789hm653lg9vtl73krp73tm0000gn/T//ccS6MIhq.ltrans3.ltrans.o
 .text.dyn3_execute.10851
                0x0000000008003140      0x130 /var/folders/c6/c789hm653lg9vtl73krp73tm0000gn/T//ccS6MIhq.ltrans3.ltrans.o
                0x0000000008003140                dyn3_execute.10851
 .text.dyn1_execute.10837
                0x0000000008003270       0xd0 /var/folders/c6/c789hm653lg9vtl73krp73tm0000gn/T//ccS6MIhq.ltrans3.ltrans.o
                0x0000000008003270                dyn1_execute.10837
 .text.msg1_execute.10050
                0x0000000008003340       0xa0 /var/folders/c6/c789hm653lg9vtl73krp73tm0000gn/T//ccS6MIhq.ltrans3.ltrans.o
                0x0000000008003340                msg1_execute.10050
 .text.sys1_execute.11180
                0x00000000080033e0       0xc0 /var/folders/c6/c789hm653lg9vtl73krp73tm0000gn/T//ccS6MIhq.ltrans3.ltrans.o
                0x00000000080033e0                sys1_execute.11180
 .text._usb_ep0in
                0x00000000080034a0       0xd0 /var/folders/c6/c789hm653lg9vtl73krp73tm0000gn/T//ccS6MIhq.ltrans3.ltrans.o
                0x00000000080034a0                _usb_ep0in
 .text.otg_epin_handler.8642
                0x0000000008003570       0xe0 /var/folders/c6/c789hm653lg9vtl73krp73tm0000gn/T//ccS6MIhq.ltrans3.ltrans.o
                0x0000000008003570                otg_epin_handler.8642
 .text.tmr.9139
                0x0000000008003650       0x10 /var/folders/c6/c789hm653lg9vtl73krp73tm0000gn/T//ccS6MIhq.ltrans4.ltrans.o
                0x0000000008003650                tmr.9139
 .text.notify2.8995
                0x0000000008003660       0x10 /var/folders/c6/c789hm653lg9vtl73krp73tm0000gn/T//ccS6MIhq.ltrans4.ltrans.o
                0x0000000008003660                notify2.8995
 .text.SVC_Handler
                0x0000000008003670       0x20 /var/folders/c6/c789hm653lg9vtl73krp73tm0000gn/T//ccS6MIhq.ltrans4.ltrans.o
                0x0000000008003670                SVC_Handler
 .text.chCoreAlloc
                0x0000000008003690       0x40 /var/folders/c6/c789hm653lg9vtl73krp73tm0000gn/T//ccS6MIhq.ltrans4.ltrans.o
                0x0000000008003690                chCoreAlloc
 .text.wakeup.4662
                0x00000000080036d0       0x70 /var/folders/c6/c789hm653lg9vtl73krp73tm0000gn/T//ccS6MIhq.ltrans4.ltrans.o
                0x00000000080036d0                wakeup.4662
 .text._idle_thread.4273
                0x0000000008003740       0x10 /var/folders/c6/c789hm653lg9vtl73krp73tm0000gn/T//ccS6MIhq.ltrans4.ltrans.o
                0x0000000008003740                _idle_thread.4273
 .text.test_emit_token
                0x0000000008003750       0x20 /var/folders/c6/c789hm653lg9vtl73krp73tm0000gn/T//ccS6MIhq.ltrans4.ltrans.o
                0x0000000008003750                test_emit_token
 .text.test_println
                0x0000000008003770       0x30 /var/folders/c6/c789hm653lg9vtl73krp73tm0000gn/T//ccS6MIhq.ltrans4.ltrans.o
                0x0000000008003770                test_println
 .text.test_print
                0x00000000080037a0       0x20 /var/folders/c6/c789hm653lg9vtl73krp73tm0000gn/T//ccS6MIhq.ltrans4.ltrans.o
                0x00000000080037a0                test_print
 .text.test_printn
                0x00000000080037c0       0x70 /var/folders/c6/c789hm653lg9vtl73krp73tm0000gn/T//ccS6MIhq.ltrans4.ltrans.o
                0x00000000080037c0                test_printn
 .text.print_line.9144
                0x0000000008003830       0x30 /var/folders/c6/c789hm653lg9vtl73krp73tm0000gn/T//ccS6MIhq.ltrans4.ltrans.o
                0x0000000008003830                print_line.9144
 .text.usb_lld_prepare_transmit
                0x0000000008003860       0x50 /var/folders/c6/c789hm653lg9vtl73krp73tm0000gn/T//ccS6MIhq.ltrans4.ltrans.o
                0x0000000008003860                usb_lld_prepare_transmit
 .text.usb_lld_prepare_receive
                0x00000000080038b0       0x50 /var/folders/c6/c789hm653lg9vtl73krp73tm0000gn/T//ccS6MIhq.ltrans4.ltrans.o
                0x00000000080038b0                usb_lld_prepare_receive
 .text.otg_epout_handler.8634
                0x0000000008003900       0x90 /var/folders/c6/c789hm653lg9vtl73krp73tm0000gn/T//ccS6MIhq.ltrans4.ltrans.o
                0x0000000008003900                otg_epout_handler.8634
 .text.chVTDoResetI
                0x0000000008003990       0x70 /var/folders/c6/c789hm653lg9vtl73krp73tm0000gn/T//ccS6MIhq.ltrans4.ltrans.o
                0x0000000008003990                chVTDoResetI
 .text._port_irq_epilogue
                0x0000000008003a00       0x60 /var/folders/c6/c789hm653lg9vtl73krp73tm0000gn/T//ccS6MIhq.ltrans4.ltrans.o
                0x0000000008003a00                _port_irq_epilogue
 .text.chPoolAlloc
                0x0000000008003a60       0x30 /var/folders/c6/c789hm653lg9vtl73krp73tm0000gn/T//ccS6MIhq.ltrans4.ltrans.o
                0x0000000008003a60                chPoolAlloc
 .text.chEvtUnregister
                0x0000000008003a90       0x30 /var/folders/c6/c789hm653lg9vtl73krp73tm0000gn/T//ccS6MIhq.ltrans4.ltrans.o
                0x0000000008003a90                chEvtUnregister
 .text.chTMStopMeasurementX
                0x0000000008003ac0       0x50 /var/folders/c6/c789hm653lg9vtl73krp73tm0000gn/T//ccS6MIhq.ltrans4.ltrans.o
                0x0000000008003ac0                chTMStopMeasurementX
 .text.chThdYield
                0x0000000008003b10       0x60 /var/folders/c6/c789hm653lg9vtl73krp73tm0000gn/T//ccS6MIhq.ltrans4.ltrans.o
                0x0000000008003b10                chThdYield
 .text.chSchDoRescheduleAhead
                0x0000000008003b70       0x40 /var/folders/c6/c789hm653lg9vtl73krp73tm0000gn/T//ccS6MIhq.ltrans4.ltrans.o
                0x0000000008003b70                chSchDoRescheduleAhead
 .text.chSchRescheduleS
                0x0000000008003bb0       0x20 /var/folders/c6/c789hm653lg9vtl73krp73tm0000gn/T//ccS6MIhq.ltrans4.ltrans.o
                0x0000000008003bb0                chSchRescheduleS
 .text.chThdSetPriority
                0x0000000008003bd0       0x30 /var/folders/c6/c789hm653lg9vtl73krp73tm0000gn/T//ccS6MIhq.ltrans4.ltrans.o
                0x0000000008003bd0                chThdSetPriority
 .text.chSysRestoreStatusX.part.3.4287
                0x0000000008003c00       0x20 /var/folders/c6/c789hm653lg9vtl73krp73tm0000gn/T//ccS6MIhq.ltrans4.ltrans.o
                0x0000000008003c00                chSysRestoreStatusX.part.3.4287
 .text.chSchWakeupS
                0x0000000008003c20       0x60 /var/folders/c6/c789hm653lg9vtl73krp73tm0000gn/T//ccS6MIhq.ltrans4.ltrans.o
                0x0000000008003c20                chSchWakeupS
 .text.chSemSignal
                0x0000000008003c80       0x40 /var/folders/c6/c789hm653lg9vtl73krp73tm0000gn/T//ccS6MIhq.ltrans4.ltrans.o
                0x0000000008003c80                chSemSignal
 .text.chThdCreateStatic
                0x0000000008003cc0       0x80 /var/folders/c6/c789hm653lg9vtl73krp73tm0000gn/T//ccS6MIhq.ltrans4.ltrans.o
                0x0000000008003cc0                chThdCreateStatic
 .text.chSchGoSleepS
                0x0000000008003d40       0x30 /var/folders/c6/c789hm653lg9vtl73krp73tm0000gn/T//ccS6MIhq.ltrans4.ltrans.o
                0x0000000008003d40                chSchGoSleepS
 .text.chMsgWait
                0x0000000008003d70       0x40 /var/folders/c6/c789hm653lg9vtl73krp73tm0000gn/T//ccS6MIhq.ltrans4.ltrans.o
                0x0000000008003d70                chMsgWait
 .text.chSemWait
                0x0000000008003db0       0x50 /var/folders/c6/c789hm653lg9vtl73krp73tm0000gn/T//ccS6MIhq.ltrans4.ltrans.o
                0x0000000008003db0                chSemWait
 .text.chSchReadyI
                0x0000000008003e00       0x30 /var/folders/c6/c789hm653lg9vtl73krp73tm0000gn/T//ccS6MIhq.ltrans4.ltrans.o
                0x0000000008003e00                chSchReadyI
 .text.chMsgSend
                0x0000000008003e30       0x40 /var/folders/c6/c789hm653lg9vtl73krp73tm0000gn/T//ccS6MIhq.ltrans4.ltrans.o
                0x0000000008003e30                chMsgSend
 .text.chEvtSignalI
                0x0000000008003e70       0x30 /var/folders/c6/c789hm653lg9vtl73krp73tm0000gn/T//ccS6MIhq.ltrans4.ltrans.o
                0x0000000008003e70                chEvtSignalI
 .text.chEvtBroadcastFlagsI
                0x0000000008003ea0       0x30 /var/folders/c6/c789hm653lg9vtl73krp73tm0000gn/T//ccS6MIhq.ltrans4.ltrans.o
                0x0000000008003ea0                chEvtBroadcastFlagsI
 .text.chMtxUnlockAll
                0x0000000008003ed0       0x60 /var/folders/c6/c789hm653lg9vtl73krp73tm0000gn/T//ccS6MIhq.ltrans4.ltrans.o
                0x0000000008003ed0                chMtxUnlockAll
 .text.chMtxUnlockS
                0x0000000008003f30       0x50 /var/folders/c6/c789hm653lg9vtl73krp73tm0000gn/T//ccS6MIhq.ltrans4.ltrans.o
                0x0000000008003f30                chMtxUnlockS
 .text.chMtxUnlock
                0x0000000008003f80       0x70 /var/folders/c6/c789hm653lg9vtl73krp73tm0000gn/T//ccS6MIhq.ltrans4.ltrans.o
                0x0000000008003f80                chMtxUnlock
 .text.chMtxLockS
                0x0000000008003ff0       0xd0 /var/folders/c6/c789hm653lg9vtl73krp73tm0000gn/T//ccS6MIhq.ltrans4.ltrans.o
                0x0000000008003ff0                chMtxLockS
 .text.chMtxLock
                0x00000000080040c0       0x20 /var/folders/c6/c789hm653lg9vtl73krp73tm0000gn/T//ccS6MIhq.ltrans4.ltrans.o
                0x00000000080040c0                chMtxLock
 .text.chHeapStatus
                0x00000000080040e0       0x40 /var/folders/c6/c789hm653lg9vtl73krp73tm0000gn/T//ccS6MIhq.ltrans4.ltrans.o
                0x00000000080040e0                chHeapStatus
 .text.chHeapFree
                0x0000000008004120       0xa0 /var/folders/c6/c789hm653lg9vtl73krp73tm0000gn/T//ccS6MIhq.ltrans4.ltrans.o
                0x0000000008004120                chHeapFree
 .text.chHeapAlloc
                0x00000000080041c0       0x90 /var/folders/c6/c789hm653lg9vtl73krp73tm0000gn/T//ccS6MIhq.ltrans4.ltrans.o
                0x00000000080041c0                chHeapAlloc
 .text.chSemSignalI
                0x0000000008004250       0x20 /var/folders/c6/c789hm653lg9vtl73krp73tm0000gn/T//ccS6MIhq.ltrans4.ltrans.o
                0x0000000008004250                chSemSignalI
 .text.chSemResetI
                0x0000000008004270       0x30 /var/folders/c6/c789hm653lg9vtl73krp73tm0000gn/T//ccS6MIhq.ltrans4.ltrans.o
                0x0000000008004270                chSemResetI
 .text.chSysIntegrityCheckI
                0x00000000080042a0       0xb0 /var/folders/c6/c789hm653lg9vtl73krp73tm0000gn/T//ccS6MIhq.ltrans4.ltrans.o
                0x00000000080042a0                chSysIntegrityCheckI
 .text.chSysGetStatusAndLockX.part.2.4284
                0x0000000008004350       0x20 /var/folders/c6/c789hm653lg9vtl73krp73tm0000gn/T//ccS6MIhq.ltrans4.ltrans.o
                0x0000000008004350                chSysGetStatusAndLockX.part.2.4284
 .text._unhandled_exception.4538
                0x0000000008004370       0x10 /var/folders/c6/c789hm653lg9vtl73krp73tm0000gn/T//ccS6MIhq.ltrans4.ltrans.o
                0x0000000008004370                Vector174
                0x0000000008004370                VectorE8
                0x0000000008004370                Vector9C
                0x0000000008004370                VectorAC
                0x0000000008004370                DebugMon_Handler
                0x0000000008004370                Vector1A0
                0x0000000008004370                Vector5C
                0x0000000008004370                Vector11C
                0x0000000008004370                HardFault_Handler
                0x0000000008004370                Vector1B8
                0x0000000008004370                Vector19C
                0x0000000008004370                Vector8C
                0x0000000008004370                SysTick_Handler
                0x0000000008004370                VectorDC
                0x0000000008004370                PendSV_Handler
                0x0000000008004370                Vector168
                0x0000000008004370                NMI_Handler
                0x0000000008004370                Vector110
                0x0000000008004370                Vector120
                0x0000000008004370                VectorC8
                0x0000000008004370                Vector94
                0x0000000008004370                VectorA8
                0x0000000008004370                VectorB4
                0x0000000008004370                Vector74
                0x0000000008004370                Vector160
                0x0000000008004370                Vector1B0
                0x0000000008004370                UsageFault_Handler
                0x0000000008004370                VectorEC
                0x0000000008004370                Vector40
                0x0000000008004370                VectorF8
                0x0000000008004370                Vector108
                0x0000000008004370                VectorBC
                0x0000000008004370                Vector190
                0x0000000008004370                Vector150
                0x0000000008004370                Vector124
                0x0000000008004370                Vector148
                0x0000000008004370                Vector188
                0x0000000008004370                Vector198
                0x0000000008004370                Vector118
                0x0000000008004370                Vector64
                0x0000000008004370                VectorCC
                0x0000000008004370                Vector54
                0x0000000008004370                Vector98
                0x0000000008004370                Vector138
                0x0000000008004370                Vector24
                0x0000000008004370                Vector1AC
                0x0000000008004370                Vector178
                0x0000000008004370                Vector84
                0x0000000008004370                Vector1A4
                0x0000000008004370                VectorD0
                0x0000000008004370                Vector1B4
                0x0000000008004370                Vector140
                0x0000000008004370                VectorE4
                0x0000000008004370                VectorC0
                0x0000000008004370                Vector158
                0x0000000008004370                Vector130
                0x0000000008004370                Vector134
                0x0000000008004370                VectorF0
                0x0000000008004370                Vector12C
                0x0000000008004370                Vector13C
                0x0000000008004370                Vector100
                0x0000000008004370                VectorE0
                0x0000000008004370                VectorF4
                0x0000000008004370                MemManage_Handler
                0x0000000008004370                Vector6C
                0x0000000008004370                VectorA0
                0x0000000008004370                VectorC4
                0x0000000008004370                Vector7C
                0x0000000008004370                Vector180
                0x0000000008004370                Vector90
                0x0000000008004370                Vector114
                0x0000000008004370                Vector164
                0x0000000008004370                Vector60
                0x0000000008004370                Vector1C
                0x0000000008004370                Vector1BC
                0x0000000008004370                Vector17C
                0x0000000008004370                Vector48
                0x0000000008004370                Vector1A8
                0x0000000008004370                Vector16C
                0x0000000008004370                Vector70
                0x0000000008004370                VectorD4
                0x0000000008004370                Vector4C
                0x0000000008004370                Vector144
                0x0000000008004370                Vector80
                0x0000000008004370                Vector15C
                0x0000000008004370                Vector68
                0x0000000008004370                Vector78
                0x0000000008004370                Vector170
                0x0000000008004370                Vector88
                0x0000000008004370                Vector104
                0x0000000008004370                Vector184
                0x0000000008004370                Vector10C
                0x0000000008004370                BusFault_Handler
                0x0000000008004370                Vector50
                0x0000000008004370                Vector194
                0x0000000008004370                Vector154
                0x0000000008004370                Vector44
                0x0000000008004370                Vector28
                0x0000000008004370                VectorB8
                0x0000000008004370                VectorFC
                0x0000000008004370                Vector34
                0x0000000008004370                Vector128
                0x0000000008004370                VectorA4
                0x0000000008004370                Vector20
                0x0000000008004370                Vector18C
                0x0000000008004370                Vector58
 .text.test_start_timer.constprop.2
                0x0000000008004380       0x40 /var/folders/c6/c789hm653lg9vtl73krp73tm0000gn/T//ccS6MIhq.ltrans5.ltrans.o
                0x0000000008004380                test_start_timer.constprop.2
 .text.chSemWaitTimeoutS
                0x00000000080043c0       0x40 /var/folders/c6/c789hm653lg9vtl73krp73tm0000gn/T//ccS6MIhq.ltrans5.ltrans.o
                0x00000000080043c0                chSemWaitTimeoutS
 .text.chMBPost.constprop.26.4138
                0x0000000008004400       0x50 /var/folders/c6/c789hm653lg9vtl73krp73tm0000gn/T//ccS6MIhq.ltrans5.ltrans.o
 .text.chMBPostAhead.constprop.24.4153
                0x0000000008004450       0x60 /var/folders/c6/c789hm653lg9vtl73krp73tm0000gn/T//ccS6MIhq.ltrans5.ltrans.o
 .text.unlikely.chMBFetch.constprop.22.4168
                0x00000000080044b0       0x54 /var/folders/c6/c789hm653lg9vtl73krp73tm0000gn/T//ccS6MIhq.ltrans5.ltrans.o
 *fill*         0x0000000008004504        0xc 
 .text.mbox1_execute.10277
                0x0000000008004510      0x600 /var/folders/c6/c789hm653lg9vtl73krp73tm0000gn/T//ccS6MIhq.ltrans5.ltrans.o
                0x0000000008004510                mbox1_execute.10277
 .text.chThdSleep
                0x0000000008004b10       0x20 /var/folders/c6/c789hm653lg9vtl73krp73tm0000gn/T//ccS6MIhq.ltrans5.ltrans.o
                0x0000000008004b10                chThdSleep
 .text.Thread1.11685
                0x0000000008004b30       0x40 /var/folders/c6/c789hm653lg9vtl73krp73tm0000gn/T//ccS6MIhq.ltrans5.ltrans.o
                0x0000000008004b30                Thread1.11685
 .text.thread1.10408
                0x0000000008004b70       0x30 /var/folders/c6/c789hm653lg9vtl73krp73tm0000gn/T//ccS6MIhq.ltrans5.ltrans.o
                0x0000000008004b70                thread1.10408
 .text.thread4b.9904
                0x0000000008004ba0       0x20 /var/folders/c6/c789hm653lg9vtl73krp73tm0000gn/T//ccS6MIhq.ltrans5.ltrans.o
                0x0000000008004ba0                thread4b.9904
 .text.thread4a.9907
                0x0000000008004bc0       0x20 /var/folders/c6/c789hm653lg9vtl73krp73tm0000gn/T//ccS6MIhq.ltrans5.ltrans.o
                0x0000000008004bc0                thread4a.9907
 .text.thread2.9656
                0x0000000008004be0       0x30 /var/folders/c6/c789hm653lg9vtl73krp73tm0000gn/T//ccS6MIhq.ltrans5.ltrans.o
                0x0000000008004be0                thread2.9656
 .text.test_wait_tick
                0x0000000008004c10       0x20 /var/folders/c6/c789hm653lg9vtl73krp73tm0000gn/T//ccS6MIhq.ltrans5.ltrans.o
                0x0000000008004c10                test_wait_tick
 .text.thd4_execute.9391
                0x0000000008004c30       0xc0 /var/folders/c6/c789hm653lg9vtl73krp73tm0000gn/T//ccS6MIhq.ltrans5.ltrans.o
                0x0000000008004c30                thd4_execute.9391
 .text.chIQGetTimeout
                0x0000000008004cf0       0x50 /var/folders/c6/c789hm653lg9vtl73krp73tm0000gn/T//ccS6MIhq.ltrans5.ltrans.o
                0x0000000008004cf0                chIQGetTimeout
 .text.thread1.11019
                0x0000000008004d40       0x10 /var/folders/c6/c789hm653lg9vtl73krp73tm0000gn/T//ccS6MIhq.ltrans5.ltrans.o
                0x0000000008004d40                thread1.11019
 .text.gett.7428
                0x0000000008004d50       0x10 /var/folders/c6/c789hm653lg9vtl73krp73tm0000gn/T//ccS6MIhq.ltrans5.ltrans.o
                0x0000000008004d50                gett.7428
 .text.get.7432
                0x0000000008004d60       0x10 /var/folders/c6/c789hm653lg9vtl73krp73tm0000gn/T//ccS6MIhq.ltrans5.ltrans.o
                0x0000000008004d60                get.7432
 .text.chIQReadTimeout
                0x0000000008004d70       0x80 /var/folders/c6/c789hm653lg9vtl73krp73tm0000gn/T//ccS6MIhq.ltrans5.ltrans.o
                0x0000000008004d70                chIQReadTimeout
 .text.readt.7405
                0x0000000008004df0       0x10 /var/folders/c6/c789hm653lg9vtl73krp73tm0000gn/T//ccS6MIhq.ltrans5.ltrans.o
                0x0000000008004df0                readt.7405
 .text.read.7412
                0x0000000008004e00       0x10 /var/folders/c6/c789hm653lg9vtl73krp73tm0000gn/T//ccS6MIhq.ltrans5.ltrans.o
                0x0000000008004e00                read.7412
 .text.chOQPutTimeout
                0x0000000008004e10       0x60 /var/folders/c6/c789hm653lg9vtl73krp73tm0000gn/T//ccS6MIhq.ltrans5.ltrans.o
                0x0000000008004e10                chOQPutTimeout
 .text.thread2.11022
                0x0000000008004e70       0x10 /var/folders/c6/c789hm653lg9vtl73krp73tm0000gn/T//ccS6MIhq.ltrans5.ltrans.o
                0x0000000008004e70                thread2.11022
 .text.putt.7435
                0x0000000008004e80       0x10 /var/folders/c6/c789hm653lg9vtl73krp73tm0000gn/T//ccS6MIhq.ltrans5.ltrans.o
                0x0000000008004e80                putt.7435
 .text.put.7440
                0x0000000008004e90       0x10 /var/folders/c6/c789hm653lg9vtl73krp73tm0000gn/T//ccS6MIhq.ltrans5.ltrans.o
                0x0000000008004e90                put.7440
 .text.chOQWriteTimeout
                0x0000000008004ea0       0x90 /var/folders/c6/c789hm653lg9vtl73krp73tm0000gn/T//ccS6MIhq.ltrans5.ltrans.o
                0x0000000008004ea0                chOQWriteTimeout
 .text.writet.7417
                0x0000000008004f30       0x10 /var/folders/c6/c789hm653lg9vtl73krp73tm0000gn/T//ccS6MIhq.ltrans5.ltrans.o
                0x0000000008004f30                writet.7417
 .text.write.7423
                0x0000000008004f40       0x10 /var/folders/c6/c789hm653lg9vtl73krp73tm0000gn/T//ccS6MIhq.ltrans5.ltrans.o
                0x0000000008004f40                write.7423
 .text.evt2_execute.10428
                0x0000000008004f50      0x2e0 /var/folders/c6/c789hm653lg9vtl73krp73tm0000gn/T//ccS6MIhq.ltrans6.ltrans.o
                0x0000000008004f50                evt2_execute.10428
 .text.sem4_execute.9676
                0x0000000008005230      0x160 /var/folders/c6/c789hm653lg9vtl73krp73tm0000gn/T//ccS6MIhq.ltrans6.ltrans.o
                0x0000000008005230                sem4_execute.9676
 .text.evt3_execute.10432
                0x0000000008005390      0x160 /var/folders/c6/c789hm653lg9vtl73krp73tm0000gn/T//ccS6MIhq.ltrans6.ltrans.o
                0x0000000008005390                evt3_execute.10432
 .text.Vector14C.4399
                0x00000000080054f0      0x210 /var/folders/c6/c789hm653lg9vtl73krp73tm0000gn/T//ccS6MIhq.ltrans6.ltrans.o
 .text.__early_init
                0x0000000008005700       0xd0 /var/folders/c6/c789hm653lg9vtl73krp73tm0000gn/T//ccS6MIhq.ltrans6.ltrans.o
                0x0000000008005700                __early_init
 .text.chThdExit
                0x00000000080057d0       0x50 /var/folders/c6/c789hm653lg9vtl73krp73tm0000gn/T//ccS6MIhq.ltrans6.ltrans.o
                0x00000000080057d0                chThdExit
 .text.thread1.11361
                0x0000000008005820       0x10 /var/folders/c6/c789hm653lg9vtl73krp73tm0000gn/T//ccS6MIhq.ltrans6.ltrans.o
                0x0000000008005820                thread1.11361
 .text.chSchDoReschedule
                0x0000000008005830       0x10 /var/folders/c6/c789hm653lg9vtl73krp73tm0000gn/T//ccS6MIhq.ltrans6.ltrans.o
                0x0000000008005830                chSchDoReschedule
 .text.__default_exit
                0x0000000008005840       0x10 /var/folders/c6/c789hm653lg9vtl73krp73tm0000gn/T//ccS6MIhq.ltrans6.ltrans.o
                0x0000000008005840                __default_exit
 .text.__late_init
                0x0000000008005850       0x10 /var/folders/c6/c789hm653lg9vtl73krp73tm0000gn/T//ccS6MIhq.ltrans6.ltrans.o
                0x0000000008005850                __late_init
 .text.__core_init
                0x0000000008005860       0x10 /var/folders/c6/c789hm653lg9vtl73krp73tm0000gn/T//ccS6MIhq.ltrans6.ltrans.o
                0x0000000008005860                __core_init
 .text.startup.main
                0x0000000008005870      0x810 /var/folders/c6/c789hm653lg9vtl73krp73tm0000gn/T//ccS6MIhq.ltrans7.ltrans.o
                0x0000000008005870                main
 .text.mtx6_setup.9933
                0x0000000008006080       0x20 /var/folders/c6/c789hm653lg9vtl73krp73tm0000gn/T//ccS6MIhq.ltrans8.ltrans.o
                0x0000000008006080                mtx6_setup.9933
 .text.mtx7_setup.9935
                0x00000000080060a0       0x20 /var/folders/c6/c789hm653lg9vtl73krp73tm0000gn/T//ccS6MIhq.ltrans8.ltrans.o
                0x00000000080060a0                mtx7_setup.9935
 .text.mtx8_setup.9937
                0x00000000080060c0       0x30 /var/folders/c6/c789hm653lg9vtl73krp73tm0000gn/T//ccS6MIhq.ltrans8.ltrans.o
                0x00000000080060c0                mtx8_setup.9937
 .text.heap1_setup.10674
                0x00000000080060f0       0x30 /var/folders/c6/c789hm653lg9vtl73krp73tm0000gn/T//ccS6MIhq.ltrans8.ltrans.o
                0x00000000080060f0                heap1_setup.10674
 .text.dyn1_setup.10839
                0x0000000008006120       0x30 /var/folders/c6/c789hm653lg9vtl73krp73tm0000gn/T//ccS6MIhq.ltrans8.ltrans.o
                0x0000000008006120                dyn1_setup.10839
 .text.dyn3_setup.10841
                0x0000000008006150       0x30 /var/folders/c6/c789hm653lg9vtl73krp73tm0000gn/T//ccS6MIhq.ltrans8.ltrans.o
                0x0000000008006150                dyn3_setup.10841
 .text.bmk12_setup.11412
                0x0000000008006180       0x10 /var/folders/c6/c789hm653lg9vtl73krp73tm0000gn/T//ccS6MIhq.ltrans8.ltrans.o
                0x0000000008006180                bmk12_setup.11412
 .text.mtx1_setup.9921
                0x0000000008006190       0x10 /var/folders/c6/c789hm653lg9vtl73krp73tm0000gn/T//ccS6MIhq.ltrans8.ltrans.o
                0x0000000008006190                mtx1_setup.9921
 .text.mtx4_setup.9923
                0x00000000080061a0       0x20 /var/folders/c6/c789hm653lg9vtl73krp73tm0000gn/T//ccS6MIhq.ltrans8.ltrans.o
                0x00000000080061a0                mtx4_setup.9923
 .text.queues2_setup.11027
                0x00000000080061c0       0x30 /var/folders/c6/c789hm653lg9vtl73krp73tm0000gn/T//ccS6MIhq.ltrans8.ltrans.o
                0x00000000080061c0                queues2_setup.11027
 .text.queues1_setup.11025
                0x00000000080061f0       0x30 /var/folders/c6/c789hm653lg9vtl73krp73tm0000gn/T//ccS6MIhq.ltrans8.ltrans.o
                0x00000000080061f0                queues1_setup.11025
 .text.mbox1_setup.10279
                0x0000000008006220       0x40 /var/folders/c6/c789hm653lg9vtl73krp73tm0000gn/T//ccS6MIhq.ltrans8.ltrans.o
                0x0000000008006220                mbox1_setup.10279
 .text.bmk7_setup.11398
                0x0000000008006260       0x10 /var/folders/c6/c789hm653lg9vtl73krp73tm0000gn/T//ccS6MIhq.ltrans8.ltrans.o
                0x0000000008006260                bmk7_setup.11398
 .text.bmk11_setup.11400
                0x0000000008006270       0x10 /var/folders/c6/c789hm653lg9vtl73krp73tm0000gn/T//ccS6MIhq.ltrans8.ltrans.o
                0x0000000008006270                bmk11_setup.11400
 .text.sem1_setup.9664
                0x0000000008006280       0x10 /var/folders/c6/c789hm653lg9vtl73krp73tm0000gn/T//ccS6MIhq.ltrans8.ltrans.o
                0x0000000008006280                sem1_setup.9664
 .text.sem2_setup.9666
                0x0000000008006290       0x10 /var/folders/c6/c789hm653lg9vtl73krp73tm0000gn/T//ccS6MIhq.ltrans8.ltrans.o
                0x0000000008006290                sem2_setup.9666
 .text.sem3_setup.9668
                0x00000000080062a0       0x10 /var/folders/c6/c789hm653lg9vtl73krp73tm0000gn/T//ccS6MIhq.ltrans8.ltrans.o
                0x00000000080062a0                sem3_setup.9668
 .text.VectorB0
                0x00000000080062b0       0xa0 /var/folders/c6/c789hm653lg9vtl73krp73tm0000gn/T//ccS6MIhq.ltrans8.ltrans.o
                0x00000000080062b0                VectorB0
 .text.thread11.9916
                0x0000000008006350       0x90 /var/folders/c6/c789hm653lg9vtl73krp73tm0000gn/T//ccS6MIhq.ltrans8.ltrans.o
                0x0000000008006350                thread11.9916
 .text.bmk9_execute.11404
                0x00000000080063e0       0xb0 /var/folders/c6/c789hm653lg9vtl73krp73tm0000gn/T//ccS6MIhq.ltrans8.ltrans.o
                0x00000000080063e0                bmk9_execute.11404
 .text.bmk12_execute.11410
                0x0000000008006490       0x70 /var/folders/c6/c789hm653lg9vtl73krp73tm0000gn/T//ccS6MIhq.ltrans8.ltrans.o
                0x0000000008006490                bmk12_execute.11410
 .text.bmk10_execute.11406
                0x0000000008006500       0x80 /var/folders/c6/c789hm653lg9vtl73krp73tm0000gn/T//ccS6MIhq.ltrans8.ltrans.o
                0x0000000008006500                bmk10_execute.11406
 .text.bmk11_execute.11408
                0x0000000008006580       0x70 /var/folders/c6/c789hm653lg9vtl73krp73tm0000gn/T//ccS6MIhq.ltrans8.ltrans.o
                0x0000000008006580                bmk11_execute.11408
 .text.bmk6_execute.11381
                0x00000000080065f0       0x70 /var/folders/c6/c789hm653lg9vtl73krp73tm0000gn/T//ccS6MIhq.ltrans8.ltrans.o
                0x00000000080065f0                bmk6_execute.11381
 .text.chThdRelease
                0x0000000008006660       0x60 /var/folders/c6/c789hm653lg9vtl73krp73tm0000gn/T//ccS6MIhq.ltrans8.ltrans.o
                0x0000000008006660                chThdRelease
 .text.chThdWait
                0x00000000080066c0       0x40 /var/folders/c6/c789hm653lg9vtl73krp73tm0000gn/T//ccS6MIhq.ltrans8.ltrans.o
                0x00000000080066c0                chThdWait
 .text.msg_loop_test.11383
                0x0000000008006700       0x30 /var/folders/c6/c789hm653lg9vtl73krp73tm0000gn/T//ccS6MIhq.ltrans8.ltrans.o
                0x0000000008006700                msg_loop_test.11383
 *(.rodata)
 *(.rodata.*)
 .rodata.str1.4
                0x0000000008006730       0xa5 /var/folders/c6/c789hm653lg9vtl73krp73tm0000gn/T//ccS6MIhq.ltrans0.ltrans.o
                                         0xa8 (size before relaxing)
 *fill*         0x00000000080067d5        0xb 
 .rodata.active_status.7928.4674
                0x00000000080067e0        0x4 /var/folders/c6/c789hm653lg9vtl73krp73tm0000gn/T//ccS6MIhq.ltrans1.ltrans.o
 *fill*         0x00000000080067e4        0xc 
 .rodata.evhndl.10458.4622
                0x00000000080067f0        0xc /var/folders/c6/c789hm653lg9vtl73krp73tm0000gn/T//ccS6MIhq.ltrans1.ltrans.o
 *fill*         0x00000000080067fc        0x4 
 .rodata.halted_status.7927.4673
                0x0000000008006800        0x4 /var/folders/c6/c789hm653lg9vtl73krp73tm0000gn/T//ccS6MIhq.ltrans1.ltrans.o
 *fill*         0x0000000008006804        0xc 
 .rodata.str1.4
                0x0000000008006810       0x44 /var/folders/c6/c789hm653lg9vtl73krp73tm0000gn/T//ccS6MIhq.ltrans1.ltrans.o
 *fill*         0x0000000008006854        0xc 
 .rodata.zero_status.7926.4672
                0x0000000008006860        0x4 /var/folders/c6/c789hm653lg9vtl73krp73tm0000gn/T//ccS6MIhq.ltrans1.ltrans.o
 *fill*         0x0000000008006864        0xc 
 .rodata.str1.4
                0x0000000008006870       0x26 /var/folders/c6/c789hm653lg9vtl73krp73tm0000gn/T//ccS6MIhq.ltrans2.ltrans.o
                                         0x54 (size before relaxing)
 *fill*         0x0000000008006896        0xa 
 .rodata.str1.4
                0x00000000080068a0        0x3 /var/folders/c6/c789hm653lg9vtl73krp73tm0000gn/T//ccS6MIhq.ltrans3.ltrans.o
                                         0x24 (size before relaxing)
 *fill*         0x00000000080068a3        0xd 
 .rodata.str1.4
                0x00000000080068b0        0x3 /var/folders/c6/c789hm653lg9vtl73krp73tm0000gn/T//ccS6MIhq.ltrans4.ltrans.o
                                          0x4 (size before relaxing)
 *fill*         0x00000000080068b3        0xd 
 .rodata.str1.4
                0x00000000080068c0        0x8 /var/folders/c6/c789hm653lg9vtl73krp73tm0000gn/T//ccS6MIhq.ltrans5.ltrans.o
                                         0x10 (size before relaxing)
 *fill*         0x00000000080068c8        0x8 
 .rodata.wa     0x00000000080068d0       0x14 /var/folders/c6/c789hm653lg9vtl73krp73tm0000gn/T//ccS6MIhq.ltrans6.ltrans.o
                0x00000000080068d0                wa
 *fill*         0x00000000080068e4        0xc 
 .rodata.ep0config.8732.4679
                0x00000000080068f0       0x24 /var/folders/c6/c789hm653lg9vtl73krp73tm0000gn/T//ccS6MIhq.ltrans6.ltrans.o
 .rodata.str1.4
                0x0000000000000000        0x4 /var/folders/c6/c789hm653lg9vtl73krp73tm0000gn/T//ccS6MIhq.ltrans6.ltrans.o
 *fill*         0x0000000008006914        0xc 
 .rodata.testbmk4.4906
                0x0000000008006920       0x10 /var/folders/c6/c789hm653lg9vtl73krp73tm0000gn/T//ccS6MIhq.ltrans7.ltrans.o
 .rodata.testbmk9.4911
                0x0000000008006930       0x10 /var/folders/c6/c789hm653lg9vtl73krp73tm0000gn/T//ccS6MIhq.ltrans7.ltrans.o
 .rodata.patternmbox.4857
                0x0000000008006940        0x8 /var/folders/c6/c789hm653lg9vtl73krp73tm0000gn/T//ccS6MIhq.ltrans7.ltrans.o
 *fill*         0x0000000008006948        0x8 
 .rodata.testdyn2.4889
                0x0000000008006950       0x10 /var/folders/c6/c789hm653lg9vtl73krp73tm0000gn/T//ccS6MIhq.ltrans7.ltrans.o
 .rodata.testsys2.4820
                0x0000000008006960       0x10 /var/folders/c6/c789hm653lg9vtl73krp73tm0000gn/T//ccS6MIhq.ltrans7.ltrans.o
 .rodata.testbmk11.4913
                0x0000000008006970       0x10 /var/folders/c6/c789hm653lg9vtl73krp73tm0000gn/T//ccS6MIhq.ltrans7.ltrans.o
 .rodata.testmtx7.4849
                0x0000000008006980       0x10 /var/folders/c6/c789hm653lg9vtl73krp73tm0000gn/T//ccS6MIhq.ltrans7.ltrans.o
 .rodata.testqueues2.4897
                0x0000000008006990       0x10 /var/folders/c6/c789hm653lg9vtl73krp73tm0000gn/T//ccS6MIhq.ltrans7.ltrans.o
 .rodata.testbmk7.4909
                0x00000000080069a0       0x10 /var/folders/c6/c789hm653lg9vtl73krp73tm0000gn/T//ccS6MIhq.ltrans7.ltrans.o
 .rodata.ch_debug
                0x00000000080069b0       0x18 /var/folders/c6/c789hm653lg9vtl73krp73tm0000gn/T//ccS6MIhq.ltrans7.ltrans.o
 *fill*         0x00000000080069c8        0x8 
 .rodata.testmtx5.4847
                0x00000000080069d0       0x10 /var/folders/c6/c789hm653lg9vtl73krp73tm0000gn/T//ccS6MIhq.ltrans7.ltrans.o
 .rodata.patternmsg.4851
                0x00000000080069e0        0x8 /var/folders/c6/c789hm653lg9vtl73krp73tm0000gn/T//ccS6MIhq.ltrans7.ltrans.o
 *fill*         0x00000000080069e8        0x8 
 .rodata.testsem3.4838
                0x00000000080069f0       0x10 /var/folders/c6/c789hm653lg9vtl73krp73tm0000gn/T//ccS6MIhq.ltrans7.ltrans.o
 .rodata.patternmtx.4840
                0x0000000008006a00       0x1c /var/folders/c6/c789hm653lg9vtl73krp73tm0000gn/T//ccS6MIhq.ltrans7.ltrans.o
 *fill*         0x0000000008006a1c        0x4 
 .rodata.patternbmk.4898
                0x0000000008006a20       0x38 /var/folders/c6/c789hm653lg9vtl73krp73tm0000gn/T//ccS6MIhq.ltrans7.ltrans.o
 *fill*         0x0000000008006a58        0x8 
 .rodata.patternsys.4814
                0x0000000008006a60       0x10 /var/folders/c6/c789hm653lg9vtl73krp73tm0000gn/T//ccS6MIhq.ltrans7.ltrans.o
 .rodata.patterndyn.4883
                0x0000000008006a70       0x10 /var/folders/c6/c789hm653lg9vtl73krp73tm0000gn/T//ccS6MIhq.ltrans7.ltrans.o
 .rodata.testsem1
                0x0000000008006a80       0x10 /var/folders/c6/c789hm653lg9vtl73krp73tm0000gn/T//ccS6MIhq.ltrans7.ltrans.o
 .rodata.testevt3.4870
                0x0000000008006a90       0x10 /var/folders/c6/c789hm653lg9vtl73krp73tm0000gn/T//ccS6MIhq.ltrans7.ltrans.o
 .rodata.testsys3.4821
                0x0000000008006aa0       0x10 /var/folders/c6/c789hm653lg9vtl73krp73tm0000gn/T//ccS6MIhq.ltrans7.ltrans.o
 .rodata.patternpools.4877
                0x0000000008006ab0        0x8 /var/folders/c6/c789hm653lg9vtl73krp73tm0000gn/T//ccS6MIhq.ltrans7.ltrans.o
 *fill*         0x0000000008006ab8        0x8 
 .rodata.testsys1
                0x0000000008006ac0       0x10 /var/folders/c6/c789hm653lg9vtl73krp73tm0000gn/T//ccS6MIhq.ltrans7.ltrans.o
 .rodata.testbmk1
                0x0000000008006ad0       0x10 /var/folders/c6/c789hm653lg9vtl73krp73tm0000gn/T//ccS6MIhq.ltrans7.ltrans.o
 .rodata.testbmk5.4907
                0x0000000008006ae0       0x10 /var/folders/c6/c789hm653lg9vtl73krp73tm0000gn/T//ccS6MIhq.ltrans7.ltrans.o
 .rodata.patterns.9290.4813
                0x0000000008006af0       0x34 /var/folders/c6/c789hm653lg9vtl73krp73tm0000gn/T//ccS6MIhq.ltrans7.ltrans.o
 *fill*         0x0000000008006b24        0xc 
 .rodata.patternthd.4822
                0x0000000008006b30       0x14 /var/folders/c6/c789hm653lg9vtl73krp73tm0000gn/T//ccS6MIhq.ltrans7.ltrans.o
 *fill*         0x0000000008006b44        0xc 
 .rodata.testbmk2.4904
                0x0000000008006b50       0x10 /var/folders/c6/c789hm653lg9vtl73krp73tm0000gn/T//ccS6MIhq.ltrans7.ltrans.o
 .rodata.testpools1
                0x0000000008006b60       0x10 /var/folders/c6/c789hm653lg9vtl73krp73tm0000gn/T//ccS6MIhq.ltrans7.ltrans.o
 .rodata.testthd2.4828
                0x0000000008006b70       0x10 /var/folders/c6/c789hm653lg9vtl73krp73tm0000gn/T//ccS6MIhq.ltrans7.ltrans.o
 .rodata.testbmk12.4914
                0x0000000008006b80       0x10 /var/folders/c6/c789hm653lg9vtl73krp73tm0000gn/T//ccS6MIhq.ltrans7.ltrans.o
 .rodata.testevt2.4869
                0x0000000008006b90       0x10 /var/folders/c6/c789hm653lg9vtl73krp73tm0000gn/T//ccS6MIhq.ltrans7.ltrans.o
 .rodata.patternqueues.4891
                0x0000000008006ba0        0xc /var/folders/c6/c789hm653lg9vtl73krp73tm0000gn/T//ccS6MIhq.ltrans7.ltrans.o
 *fill*         0x0000000008006bac        0x4 
 .rodata.testmtx6.4848
                0x0000000008006bb0       0x10 /var/folders/c6/c789hm653lg9vtl73krp73tm0000gn/T//ccS6MIhq.ltrans7.ltrans.o
 .rodata.testdyn1
                0x0000000008006bc0       0x10 /var/folders/c6/c789hm653lg9vtl73krp73tm0000gn/T//ccS6MIhq.ltrans7.ltrans.o
 .rodata.testmbox1
                0x0000000008006bd0       0x10 /var/folders/c6/c789hm653lg9vtl73krp73tm0000gn/T//ccS6MIhq.ltrans7.ltrans.o
 .rodata.vmt.7516.4978
                0x0000000008006be0       0x20 /var/folders/c6/c789hm653lg9vtl73krp73tm0000gn/T//ccS6MIhq.ltrans7.ltrans.o
 .rodata.testthd4.4830
                0x0000000008006c00       0x10 /var/folders/c6/c789hm653lg9vtl73krp73tm0000gn/T//ccS6MIhq.ltrans7.ltrans.o
 .rodata.testbmk6.4908
                0x0000000008006c10       0x10 /var/folders/c6/c789hm653lg9vtl73krp73tm0000gn/T//ccS6MIhq.ltrans7.ltrans.o
 .rodata.patternsem.4831
                0x0000000008006c20       0x14 /var/folders/c6/c789hm653lg9vtl73krp73tm0000gn/T//ccS6MIhq.ltrans7.ltrans.o
 *fill*         0x0000000008006c34        0xc 
 .rodata.fsparams.8731.4977
                0x0000000008006c40        0xc /var/folders/c6/c789hm653lg9vtl73krp73tm0000gn/T//ccS6MIhq.ltrans7.ltrans.o
 *fill*         0x0000000008006c4c        0x4 
 .rodata.testbmk3.4905
                0x0000000008006c50       0x10 /var/folders/c6/c789hm653lg9vtl73krp73tm0000gn/T//ccS6MIhq.ltrans7.ltrans.o
 .rodata.testthd3.4829
                0x0000000008006c60       0x10 /var/folders/c6/c789hm653lg9vtl73krp73tm0000gn/T//ccS6MIhq.ltrans7.ltrans.o
 .rodata.testmsg1
                0x0000000008006c70       0x10 /var/folders/c6/c789hm653lg9vtl73krp73tm0000gn/T//ccS6MIhq.ltrans7.ltrans.o
 .rodata.patternevt.4863
                0x0000000008006c80       0x10 /var/folders/c6/c789hm653lg9vtl73krp73tm0000gn/T//ccS6MIhq.ltrans7.ltrans.o
 .rodata.str1.4
                0x0000000008006c90      0x6e3 /var/folders/c6/c789hm653lg9vtl73krp73tm0000gn/T//ccS6MIhq.ltrans7.ltrans.o
                                        0x6f0 (size before relaxing)
 *fill*         0x0000000008007373        0xd 
 .rodata.testqueues1
                0x0000000008007380       0x10 /var/folders/c6/c789hm653lg9vtl73krp73tm0000gn/T//ccS6MIhq.ltrans7.ltrans.o
 .rodata.testbmk10.4912
                0x0000000008007390       0x10 /var/folders/c6/c789hm653lg9vtl73krp73tm0000gn/T//ccS6MIhq.ltrans7.ltrans.o
 .rodata.testsem4.4839
                0x00000000080073a0       0x10 /var/folders/c6/c789hm653lg9vtl73krp73tm0000gn/T//ccS6MIhq.ltrans7.ltrans.o
 .rodata.testthd1
                0x00000000080073b0       0x10 /var/folders/c6/c789hm653lg9vtl73krp73tm0000gn/T//ccS6MIhq.ltrans7.ltrans.o
 .rodata.testbmk8.4910
                0x00000000080073c0       0x10 /var/folders/c6/c789hm653lg9vtl73krp73tm0000gn/T//ccS6MIhq.ltrans7.ltrans.o
 .rodata.testsem2.4837
                0x00000000080073d0       0x10 /var/folders/c6/c789hm653lg9vtl73krp73tm0000gn/T//ccS6MIhq.ltrans7.ltrans.o
 .rodata.testbmk13.4915
                0x00000000080073e0       0x10 /var/folders/c6/c789hm653lg9vtl73krp73tm0000gn/T//ccS6MIhq.ltrans7.ltrans.o
 .rodata.testdyn3.4890
                0x00000000080073f0       0x10 /var/folders/c6/c789hm653lg9vtl73krp73tm0000gn/T//ccS6MIhq.ltrans7.ltrans.o
 .rodata.testevt1
                0x0000000008007400       0x10 /var/folders/c6/c789hm653lg9vtl73krp73tm0000gn/T//ccS6MIhq.ltrans7.ltrans.o
 .rodata.testheap1
                0x0000000008007410       0x10 /var/folders/c6/c789hm653lg9vtl73krp73tm0000gn/T//ccS6MIhq.ltrans7.ltrans.o
 .rodata.testmtx8.4850
                0x0000000008007420       0x10 /var/folders/c6/c789hm653lg9vtl73krp73tm0000gn/T//ccS6MIhq.ltrans7.ltrans.o
 .rodata.testmtx4.4846
                0x0000000008007430       0x10 /var/folders/c6/c789hm653lg9vtl73krp73tm0000gn/T//ccS6MIhq.ltrans7.ltrans.o
 .rodata.patternheap.4871
                0x0000000008007440        0x8 /var/folders/c6/c789hm653lg9vtl73krp73tm0000gn/T//ccS6MIhq.ltrans7.ltrans.o
 *fill*         0x0000000008007448        0x8 
 .rodata.testmtx1
                0x0000000008007450       0x10 /var/folders/c6/c789hm653lg9vtl73krp73tm0000gn/T//ccS6MIhq.ltrans7.ltrans.o
 .rodata.str1.4
                0x0000000008007460       0x38 /var/folders/c6/c789hm653lg9vtl73krp73tm0000gn/T//ccS6MIhq.ltrans8.ltrans.o
                                         0x54 (size before relaxing)
 *(.glue_7t)
 .glue_7t       0x0000000000000000        0x0 linker stubs
 *(.glue_7)
 .glue_7        0x0000000000000000        0x0 linker stubs
 *(.gcc*)

.vfp11_veneer   0x0000000008007498        0x0
 .vfp11_veneer  0x0000000000000000        0x0 linker stubs

.v4_bx          0x0000000008007498        0x0
 .v4_bx         0x0000000000000000        0x0 linker stubs

.iplt           0x0000000008007498        0x0
 .iplt          0x0000000000000000        0x0 build/obj/crt0_v7m.o

.rel.dyn        0x0000000008007498        0x0
 .rel.iplt      0x0000000000000000        0x0 build/obj/crt0_v7m.o

.ARM.extab
 *(.ARM.extab* .gnu.linkonce.armextab.*)

.ARM.exidx      0x0000000008007498        0x0
                0x0000000008007498                PROVIDE (__exidx_start, .)
 *(.ARM.exidx* .gnu.linkonce.armexidx.*)
                0x0000000008007498                PROVIDE (__exidx_end, .)

.eh_frame_hdr
 *(.eh_frame_hdr)

.eh_frame
 *(.eh_frame)

.textalign      0x0000000008007498        0x0
                0x0000000008007498                . = ALIGN (0x8)
                0x0000000008007498                . = ALIGN (0x4)
                0x0000000008007498                _etext = .
                0x0000000008007498                _textdata = _etext

.mstack         0x0000000020000000      0x400
                0x0000000020000000                . = ALIGN (0x8)
                0x0000000020000000                __main_stack_base__ = .
                0x0000000020000400                . = (. + __main_stack_size__)
 *fill*         0x0000000020000000      0x400 
                0x0000000020000400                . = ALIGN (0x8)
                0x0000000020000400                __main_stack_end__ = .

.pstack         0x0000000020000400      0x400
                0x0000000020000400                __process_stack_base__ = .
                0x0000000020000400                __main_thread_stack_base__ = .
                0x0000000020000800                . = (. + __process_stack_size__)
 *fill*         0x0000000020000400      0x400 
                0x0000000020000800                . = ALIGN (0x8)
                0x0000000020000800                __process_stack_end__ = .
                0x0000000020000800                __main_thread_stack_end__ = .

.data           0x0000000020000800       0xb8 load address 0x0000000008007498
                0x0000000020000800                . = ALIGN (0x4)
                0x0000000020000800                PROVIDE (_data, .)
 *(.data)
 *(.data.*)
 .data.sem1.9707
                0x0000000020000800        0xc /var/folders/c6/c789hm653lg9vtl73krp73tm0000gn/T//ccS6MIhq.ltrans1.ltrans.o
                0x0000000020000800                sem1.9707
 .data.mp1.10717
                0x000000002000080c        0xc /var/folders/c6/c789hm653lg9vtl73krp73tm0000gn/T//ccS6MIhq.ltrans2.ltrans.o
                0x000000002000080c                mp1.10717
 .data.c1.9968  0x0000000020000818        0x8 /var/folders/c6/c789hm653lg9vtl73krp73tm0000gn/T//ccS6MIhq.ltrans2.ltrans.o
                0x0000000020000818                c1.9968
 .data.m2.9967  0x0000000020000820       0x10 /var/folders/c6/c789hm653lg9vtl73krp73tm0000gn/T//ccS6MIhq.ltrans2.ltrans.o
                0x0000000020000820                m2.9967
 .data.m1.9966  0x0000000020000830       0x10 /var/folders/c6/c789hm653lg9vtl73krp73tm0000gn/T//ccS6MIhq.ltrans3.ltrans.o
                0x0000000020000830                m1.9966
 .data.mb1.10293
                0x0000000020000840       0x28 /var/folders/c6/c789hm653lg9vtl73krp73tm0000gn/T//ccS6MIhq.ltrans6.ltrans.o
                0x0000000020000840                mb1.10293
 .data.es2.10460
                0x0000000020000868        0x4 /var/folders/c6/c789hm653lg9vtl73krp73tm0000gn/T//ccS6MIhq.ltrans6.ltrans.o
                0x0000000020000868                es2.10460
 .data.iq.11054
                0x000000002000086c       0x24 /var/folders/c6/c789hm653lg9vtl73krp73tm0000gn/T//ccS6MIhq.ltrans6.ltrans.o
                0x000000002000086c                iq.11054
 .data.oq.11068
                0x0000000020000890       0x24 /var/folders/c6/c789hm653lg9vtl73krp73tm0000gn/T//ccS6MIhq.ltrans6.ltrans.o
                0x0000000020000890                oq.11068
 .data.es1.10459
                0x00000000200008b4        0x4 /var/folders/c6/c789hm653lg9vtl73krp73tm0000gn/T//ccS6MIhq.ltrans6.ltrans.o
                0x00000000200008b4                es1.10459
 *(.ramtext)
                0x00000000200008b8                . = ALIGN (0x4)
                0x00000000200008b8                PROVIDE (_edata, .)

.igot.plt       0x00000000200008b8        0x0 load address 0x0000000008007550
 .igot.plt      0x0000000000000000        0x0 build/obj/crt0_v7m.o

.bss            0x00000000200008b8      0xc94 load address 0x0000000008007550
                0x00000000200008b8                . = ALIGN (0x4)
                0x00000000200008b8                PROVIDE (_bss_start, .)
 *(.bss)
 *(.bss.*)
 .bss.sem1.11444
                0x00000000200008b8        0xc /var/folders/c6/c789hm653lg9vtl73krp73tm0000gn/T//ccS6MIhq.ltrans1.ltrans.o
                0x00000000200008b8                sem1.11444
 .bss.test_timer_done
                0x00000000200008c4        0x1 /var/folders/c6/c789hm653lg9vtl73krp73tm0000gn/T//ccS6MIhq.ltrans1.ltrans.o
                0x00000000200008c4                test_timer_done
 *fill*         0x00000000200008c5        0x3 
 .bss.mp1.10875
                0x00000000200008c8        0xc /var/folders/c6/c789hm653lg9vtl73krp73tm0000gn/T//ccS6MIhq.ltrans3.ltrans.o
                0x00000000200008c8                mp1.10875
 *fill*         0x00000000200008d4        0x4 
 .bss.heap1.10873
                0x00000000200008d8       0x20 /var/folders/c6/c789hm653lg9vtl73krp73tm0000gn/T//ccS6MIhq.ltrans3.ltrans.o
                0x00000000200008d8                heap1.10873
 .bss.vt.9273.4388
                0x00000000200008f8       0x14 /var/folders/c6/c789hm653lg9vtl73krp73tm0000gn/T//ccS6MIhq.ltrans5.ltrans.o
 .bss.ep0_state.8733.4680
                0x000000002000090c       0x14 /var/folders/c6/c789hm653lg9vtl73krp73tm0000gn/T//ccS6MIhq.ltrans6.ltrans.o
 .bss.ep0setup_buffer.8737.4684
                0x0000000020000920        0x8 /var/folders/c6/c789hm653lg9vtl73krp73tm0000gn/T//ccS6MIhq.ltrans6.ltrans.o
 .bss.test      0x0000000020000928      0x668 /var/folders/c6/c789hm653lg9vtl73krp73tm0000gn/T//ccS6MIhq.ltrans6.ltrans.o
                0x0000000020000928                test
 .bss.local_fail.9287
                0x0000000020000f90        0x1 /var/folders/c6/c789hm653lg9vtl73krp73tm0000gn/T//ccS6MIhq.ltrans7.ltrans.o
                0x0000000020000f90                local_fail.9287
 *fill*         0x0000000020000f91        0x3 
 .bss.nextmem.6918
                0x0000000020000f94        0x4 /var/folders/c6/c789hm653lg9vtl73krp73tm0000gn/T//ccS6MIhq.ltrans7.ltrans.o
                0x0000000020000f94                nextmem.6918
 .bss.failpoint.9288
                0x0000000020000f98        0x4 /var/folders/c6/c789hm653lg9vtl73krp73tm0000gn/T//ccS6MIhq.ltrans7.ltrans.o
                0x0000000020000f98                failpoint.9288
 *fill*         0x0000000020000f9c        0x4 
 .bss.default_heap.7048
                0x0000000020000fa0       0x20 /var/folders/c6/c789hm653lg9vtl73krp73tm0000gn/T//ccS6MIhq.ltrans7.ltrans.o
                0x0000000020000fa0                default_heap.7048
 .bss.test_global_fail
                0x0000000020000fc0        0x1 /var/folders/c6/c789hm653lg9vtl73krp73tm0000gn/T//ccS6MIhq.ltrans7.ltrans.o
                0x0000000020000fc0                test_global_fail
 *fill*         0x0000000020000fc1        0x3 
 .bss.tokp.9283
                0x0000000020000fc4        0x4 /var/folders/c6/c789hm653lg9vtl73krp73tm0000gn/T//ccS6MIhq.ltrans7.ltrans.o
                0x0000000020000fc4                tokp.9283
 .bss.USBD1     0x0000000020000fc8      0x1b0 /var/folders/c6/c789hm653lg9vtl73krp73tm0000gn/T//ccS6MIhq.ltrans7.ltrans.o
                0x0000000020000fc8                USBD1
 .bss.SD2       0x0000000020001178       0x78 /var/folders/c6/c789hm653lg9vtl73krp73tm0000gn/T//ccS6MIhq.ltrans7.ltrans.o
                0x0000000020001178                SD2
 .bss.endmem.6920
                0x00000000200011f0        0x4 /var/folders/c6/c789hm653lg9vtl73krp73tm0000gn/T//ccS6MIhq.ltrans7.ltrans.o
                0x00000000200011f0                endmem.6920
 .bss.tokens_buffer.9284
                0x00000000200011f4       0x10 /var/folders/c6/c789hm653lg9vtl73krp73tm0000gn/T//ccS6MIhq.ltrans7.ltrans.o
                0x00000000200011f4                tokens_buffer.9284
 *fill*         0x0000000020001204        0x4 
 .bss.ch        0x0000000020001208      0x150 /var/folders/c6/c789hm653lg9vtl73krp73tm0000gn/T//ccS6MIhq.ltrans7.ltrans.o
                0x0000000020001208                ch
 .bss.threads   0x0000000020001358       0x14 /var/folders/c6/c789hm653lg9vtl73krp73tm0000gn/T//ccS6MIhq.ltrans7.ltrans.o
                0x0000000020001358                threads
 *fill*         0x000000002000136c        0x4 
 .bss.waThread1.11701.4812
                0x0000000020001370      0x148 /var/folders/c6/c789hm653lg9vtl73krp73tm0000gn/T//ccS6MIhq.ltrans7.ltrans.o
 .bss.chp.9274  0x00000000200014b8        0x4 /var/folders/c6/c789hm653lg9vtl73krp73tm0000gn/T//ccS6MIhq.ltrans7.ltrans.o
                0x00000000200014b8                chp.9274
 .bss.vt1.6645.11448.4438
                0x00000000200014bc       0x14 /var/folders/c6/c789hm653lg9vtl73krp73tm0000gn/T//ccS6MIhq.ltrans8.ltrans.o
 .bss.mtx1.11449.4430
                0x00000000200014d0       0x10 /var/folders/c6/c789hm653lg9vtl73krp73tm0000gn/T//ccS6MIhq.ltrans8.ltrans.o
 .bss.iq.6635.11445.4436
                0x00000000200014e0       0x24 /var/folders/c6/c789hm653lg9vtl73krp73tm0000gn/T//ccS6MIhq.ltrans8.ltrans.o
 *fill*         0x0000000020001504        0x4 
 .bss.test_heap.10683
                0x0000000020001508       0x20 /var/folders/c6/c789hm653lg9vtl73krp73tm0000gn/T//ccS6MIhq.ltrans8.ltrans.o
                0x0000000020001508                test_heap.10683
 .bss.ib.6634.11446.4437
                0x0000000020001528       0x10 /var/folders/c6/c789hm653lg9vtl73krp73tm0000gn/T//ccS6MIhq.ltrans8.ltrans.o
 .bss.vt2.6646.11447.4439
                0x0000000020001538       0x14 /var/folders/c6/c789hm653lg9vtl73krp73tm0000gn/T//ccS6MIhq.ltrans8.ltrans.o
 *(COMMON)
                0x000000002000154c                . = ALIGN (0x4)
                0x000000002000154c                PROVIDE (_bss_end, .)
                0x000000002000154c                PROVIDE (end, .)

.ram0           0x000000002000154c        0x0 load address 0x0000000008007550
                0x000000002000154c                . = ALIGN (0x4)
 *(.ram0)
 *(.ram0.*)
                0x000000002000154c                . = ALIGN (0x4)
                0x000000002000154c                __ram0_free__ = .

.ram1           0x0000000020000000        0x0
                0x0000000020000000                . = ALIGN (0x4)
 *(.ram1)
 *(.ram1.*)
                0x0000000020000000                . = ALIGN (0x4)
                0x0000000020000000                __ram1_free__ = .

.ram2           0x000000002001c000        0x0
                0x000000002001c000                . = ALIGN (0x4)
 *(.ram2)
 *(.ram2.*)
                0x000000002001c000                . = ALIGN (0x4)
                0x000000002001c000                __ram2_free__ = .

.ram3           0x0000000000000000        0x0
                0x0000000000000000                . = ALIGN (0x4)
 *(.ram3)
 *(.ram3.*)
                0x0000000000000000                . = ALIGN (0x4)
                0x0000000000000000                __ram3_free__ = .

.ram4           0x0000000010000000        0x0
                0x0000000010000000                . = ALIGN (0x4)
 *(.ram4)
 *(.ram4.*)
                0x0000000010000000                . = ALIGN (0x4)
                0x0000000010000000                __ram4_free__ = .

.ram5           0x0000000040024000        0x0
                0x0000000040024000                . = ALIGN (0x4)
 *(.ram5)
 *(.ram5.*)
                0x0000000040024000                . = ALIGN (0x4)
                0x0000000040024000                __ram5_free__ = .

.ram6           0x0000000000000000        0x0
                0x0000000000000000                . = ALIGN (0x4)
 *(.ram6)
 *(.ram6.*)
                0x0000000000000000                . = ALIGN (0x4)
                0x0000000000000000                __ram6_free__ = .

.ram7           0x0000000000000000        0x0
                0x0000000000000000                . = ALIGN (0x4)
 *(.ram7)
 *(.ram7.*)
                0x0000000000000000                . = ALIGN (0x4)
                0x0000000000000000                __ram7_free__ = .
                0x000000002000154c                __heap_base__ = __ram0_free__
                0x0000000020020000                __heap_end__ = __ram0_end__
                0x0000000000000400                __process_stack_size__ = 0x400
                0x0000000000000400                __main_stack_size__ = 0x400
START GROUP
LOAD /usr/local/Cellar/gcc-arm-none-eabi/20140805/bin/../lib/gcc/arm-none-eabi/4.8.4/armv7e-m/libgcc.a
LOAD /usr/local/Cellar/gcc-arm-none-eabi/20140805/bin/../lib/gcc/arm-none-eabi/4.8.4/../../../../arm-none-eabi/lib/armv7e-m/libg.a
LOAD /usr/local/Cellar/gcc-arm-none-eabi/20140805/bin/../lib/gcc/arm-none-eabi/4.8.4/../../../../arm-none-eabi/lib/armv7e-m/libc.a
END GROUP
OUTPUT(build/ch.elf elf32-littlearm)

.ARM.attributes
                0x0000000000000000       0x2d
 .ARM.attributes
                0x0000000000000000       0x21 build/obj/crt0_v7m.o
 .ARM.attributes
                0x0000000000000021       0x21 build/obj/chcoreasm_v7m.o
 .ARM.attributes
                0x0000000000000042       0x31 /var/folders/c6/c789hm653lg9vtl73krp73tm0000gn/T//ccS6MIhq.ltrans0.ltrans.o
 .ARM.attributes
                0x0000000000000073       0x31 /var/folders/c6/c789hm653lg9vtl73krp73tm0000gn/T//ccS6MIhq.ltrans1.ltrans.o
 .ARM.attributes
                0x00000000000000a4       0x31 /var/folders/c6/c789hm653lg9vtl73krp73tm0000gn/T//ccS6MIhq.ltrans2.ltrans.o
 .ARM.attributes
                0x00000000000000d5       0x31 /var/folders/c6/c789hm653lg9vtl73krp73tm0000gn/T//ccS6MIhq.ltrans3.ltrans.o
 .ARM.attributes
                0x0000000000000106       0x31 /var/folders/c6/c789hm653lg9vtl73krp73tm0000gn/T//ccS6MIhq.ltrans4.ltrans.o
 .ARM.attributes
                0x0000000000000137       0x31 /var/folders/c6/c789hm653lg9vtl73krp73tm0000gn/T//ccS6MIhq.ltrans5.ltrans.o
 .ARM.attributes
                0x0000000000000168       0x31 /var/folders/c6/c789hm653lg9vtl73krp73tm0000gn/T//ccS6MIhq.ltrans6.ltrans.o
 .ARM.attributes
                0x0000000000000199       0x31 /var/folders/c6/c789hm653lg9vtl73krp73tm0000gn/T//ccS6MIhq.ltrans7.ltrans.o
 .ARM.attributes
                0x00000000000001ca       0x31 /var/folders/c6/c789hm653lg9vtl73krp73tm0000gn/T//ccS6MIhq.ltrans8.ltrans.o

.comment        0x0000000000000000       0x70
 .comment       0x0000000000000000       0x70 /var/folders/c6/c789hm653lg9vtl73krp73tm0000gn/T//ccS6MIhq.ltrans0.ltrans.o
                                         0x71 (size before relaxing)
 .comment       0x0000000000000000       0x71 /var/folders/c6/c789hm653lg9vtl73krp73tm0000gn/T//ccS6MIhq.ltrans1.ltrans.o
 .comment       0x0000000000000000       0x71 /var/folders/c6/c789hm653lg9vtl73krp73tm0000gn/T//ccS6MIhq.ltrans2.ltrans.o
 .comment       0x0000000000000000       0x71 /var/folders/c6/c789hm653lg9vtl73krp73tm0000gn/T//ccS6MIhq.ltrans3.ltrans.o
 .comment       0x0000000000000000       0x71 /var/folders/c6/c789hm653lg9vtl73krp73tm0000gn/T//ccS6MIhq.ltrans4.ltrans.o
 .comment       0x0000000000000000       0x71 /var/folders/c6/c789hm653lg9vtl73krp73tm0000gn/T//ccS6MIhq.ltrans5.ltrans.o
 .comment       0x0000000000000000       0x71 /var/folders/c6/c789hm653lg9vtl73krp73tm0000gn/T//ccS6MIhq.ltrans6.ltrans.o
 .comment       0x0000000000000000       0x71 /var/folders/c6/c789hm653lg9vtl73krp73tm0000gn/T//ccS6MIhq.ltrans7.ltrans.o
 .comment       0x0000000000000000       0x71 /var/folders/c6/c789hm653lg9vtl73krp73tm0000gn/T//ccS6MIhq.ltrans8.ltrans.o

.debug_info     0x0000000000000000    0x22003
 .debug_info    0x0000000000000000     0x451d /var/folders/c6/c789hm653lg9vtl73krp73tm0000gn/T//ccS6MIhq.ltrans0.ltrans.o
 .debug_info    0x000000000000451d     0x4b27 /var/folders/c6/c789hm653lg9vtl73krp73tm0000gn/T//ccS6MIhq.ltrans1.ltrans.o
 .debug_info    0x0000000000009044     0x2d2a /var/folders/c6/c789hm653lg9vtl73krp73tm0000gn/T//ccS6MIhq.ltrans2.ltrans.o
 .debug_info    0x000000000000bd6e     0x4adc /var/folders/c6/c789hm653lg9vtl73krp73tm0000gn/T//ccS6MIhq.ltrans3.ltrans.o
 .debug_info    0x000000000001084a     0x4145 /var/folders/c6/c789hm653lg9vtl73krp73tm0000gn/T//ccS6MIhq.ltrans4.ltrans.o
 .debug_info    0x000000000001498f     0x3e44 /var/folders/c6/c789hm653lg9vtl73krp73tm0000gn/T//ccS6MIhq.ltrans5.ltrans.o
 .debug_info    0x00000000000187d3     0x3bbf /var/folders/c6/c789hm653lg9vtl73krp73tm0000gn/T//ccS6MIhq.ltrans6.ltrans.o
 .debug_info    0x000000000001c392     0x3440 /var/folders/c6/c789hm653lg9vtl73krp73tm0000gn/T//ccS6MIhq.ltrans7.ltrans.o
 .debug_info    0x000000000001f7d2     0x2831 /var/folders/c6/c789hm653lg9vtl73krp73tm0000gn/T//ccS6MIhq.ltrans8.ltrans.o

.debug_abbrev   0x0000000000000000     0x35f3
 .debug_abbrev  0x0000000000000000      0x70b /var/folders/c6/c789hm653lg9vtl73krp73tm0000gn/T//ccS6MIhq.ltrans0.ltrans.o
 .debug_abbrev  0x000000000000070b      0x61f /var/folders/c6/c789hm653lg9vtl73krp73tm0000gn/T//ccS6MIhq.ltrans1.ltrans.o
 .debug_abbrev  0x0000000000000d2a      0x4fc /var/folders/c6/c789hm653lg9vtl73krp73tm0000gn/T//ccS6MIhq.ltrans2.ltrans.o
 .debug_abbrev  0x0000000000001226      0x67c /var/folders/c6/c789hm653lg9vtl73krp73tm0000gn/T//ccS6MIhq.ltrans3.ltrans.o
 .debug_abbrev  0x00000000000018a2      0x6e8 /var/folders/c6/c789hm653lg9vtl73krp73tm0000gn/T//ccS6MIhq.ltrans4.ltrans.o
 .debug_abbrev  0x0000000000001f8a      0x5cf /var/folders/c6/c789hm653lg9vtl73krp73tm0000gn/T//ccS6MIhq.ltrans5.ltrans.o
 .debug_abbrev  0x0000000000002559      0x649 /var/folders/c6/c789hm653lg9vtl73krp73tm0000gn/T//ccS6MIhq.ltrans6.ltrans.o
 .debug_abbrev  0x0000000000002ba2      0x505 /var/folders/c6/c789hm653lg9vtl73krp73tm0000gn/T//ccS6MIhq.ltrans7.ltrans.o
 .debug_abbrev  0x00000000000030a7      0x54c /var/folders/c6/c789hm653lg9vtl73krp73tm0000gn/T//ccS6MIhq.ltrans8.ltrans.o

.debug_loc      0x0000000000000000     0x7596
 .debug_loc     0x0000000000000000      0xe2e /var/folders/c6/c789hm653lg9vtl73krp73tm0000gn/T//ccS6MIhq.ltrans0.ltrans.o
 .debug_loc     0x0000000000000e2e     0x101d /var/folders/c6/c789hm653lg9vtl73krp73tm0000gn/T//ccS6MIhq.ltrans1.ltrans.o
 .debug_loc     0x0000000000001e4b      0x472 /var/folders/c6/c789hm653lg9vtl73krp73tm0000gn/T//ccS6MIhq.ltrans2.ltrans.o
 .debug_loc     0x00000000000022bd      0xfba /var/folders/c6/c789hm653lg9vtl73krp73tm0000gn/T//ccS6MIhq.ltrans3.ltrans.o
 .debug_loc     0x0000000000003277     0x1948 /var/folders/c6/c789hm653lg9vtl73krp73tm0000gn/T//ccS6MIhq.ltrans4.ltrans.o
 .debug_loc     0x0000000000004bbf     0x1516 /var/folders/c6/c789hm653lg9vtl73krp73tm0000gn/T//ccS6MIhq.ltrans5.ltrans.o
 .debug_loc     0x00000000000060d5      0xbfd /var/folders/c6/c789hm653lg9vtl73krp73tm0000gn/T//ccS6MIhq.ltrans6.ltrans.o
 .debug_loc     0x0000000000006cd2      0x57c /var/folders/c6/c789hm653lg9vtl73krp73tm0000gn/T//ccS6MIhq.ltrans7.ltrans.o
 .debug_loc     0x000000000000724e      0x348 /var/folders/c6/c789hm653lg9vtl73krp73tm0000gn/T//ccS6MIhq.ltrans8.ltrans.o

.debug_aranges  0x0000000000000000      0x738
 .debug_aranges
                0x0000000000000000      0x1a8 /var/folders/c6/c789hm653lg9vtl73krp73tm0000gn/T//ccS6MIhq.ltrans0.ltrans.o
 .debug_aranges
                0x00000000000001a8       0x68 /var/folders/c6/c789hm653lg9vtl73krp73tm0000gn/T//ccS6MIhq.ltrans1.ltrans.o
 .debug_aranges
                0x0000000000000210       0xa0 /var/folders/c6/c789hm653lg9vtl73krp73tm0000gn/T//ccS6MIhq.ltrans2.ltrans.o
 .debug_aranges
                0x00000000000002b0       0x80 /var/folders/c6/c789hm653lg9vtl73krp73tm0000gn/T//ccS6MIhq.ltrans3.ltrans.o
 .debug_aranges
                0x0000000000000330      0x190 /var/folders/c6/c789hm653lg9vtl73krp73tm0000gn/T//ccS6MIhq.ltrans4.ltrans.o
 .debug_aranges
                0x00000000000004c0       0xf8 /var/folders/c6/c789hm653lg9vtl73krp73tm0000gn/T//ccS6MIhq.ltrans5.ltrans.o
 .debug_aranges
                0x00000000000005b8       0x70 /var/folders/c6/c789hm653lg9vtl73krp73tm0000gn/T//ccS6MIhq.ltrans6.ltrans.o
 .debug_aranges
                0x0000000000000628       0x20 /var/folders/c6/c789hm653lg9vtl73krp73tm0000gn/T//ccS6MIhq.ltrans7.ltrans.o
 .debug_aranges
                0x0000000000000648       0xf0 /var/folders/c6/c789hm653lg9vtl73krp73tm0000gn/T//ccS6MIhq.ltrans8.ltrans.o

.debug_ranges   0x0000000000000000     0x2ce0
 .debug_ranges  0x0000000000000000      0x550 /var/folders/c6/c789hm653lg9vtl73krp73tm0000gn/T//ccS6MIhq.ltrans0.ltrans.o
 .debug_ranges  0x0000000000000550      0x4d8 /var/folders/c6/c789hm653lg9vtl73krp73tm0000gn/T//ccS6MIhq.ltrans1.ltrans.o
 .debug_ranges  0x0000000000000a28      0x3d0 /var/folders/c6/c789hm653lg9vtl73krp73tm0000gn/T//ccS6MIhq.ltrans2.ltrans.o
 .debug_ranges  0x0000000000000df8      0x478 /var/folders/c6/c789hm653lg9vtl73krp73tm0000gn/T//ccS6MIhq.ltrans3.ltrans.o
 .debug_ranges  0x0000000000001270      0x6c8 /var/folders/c6/c789hm653lg9vtl73krp73tm0000gn/T//ccS6MIhq.ltrans4.ltrans.o
 .debug_ranges  0x0000000000001938      0x350 /var/folders/c6/c789hm653lg9vtl73krp73tm0000gn/T//ccS6MIhq.ltrans5.ltrans.o
 .debug_ranges  0x0000000000001c88      0x328 /var/folders/c6/c789hm653lg9vtl73krp73tm0000gn/T//ccS6MIhq.ltrans6.ltrans.o
 .debug_ranges  0x0000000000001fb0      0x788 /var/folders/c6/c789hm653lg9vtl73krp73tm0000gn/T//ccS6MIhq.ltrans7.ltrans.o
 .debug_ranges  0x0000000000002738      0x5a8 /var/folders/c6/c789hm653lg9vtl73krp73tm0000gn/T//ccS6MIhq.ltrans8.ltrans.o

.debug_line     0x0000000000000000     0x6b2a
 .debug_line    0x0000000000000000      0xecf /var/folders/c6/c789hm653lg9vtl73krp73tm0000gn/T//ccS6MIhq.ltrans0.ltrans.o
 .debug_line    0x0000000000000ecf      0xc39 /var/folders/c6/c789hm653lg9vtl73krp73tm0000gn/T//ccS6MIhq.ltrans1.ltrans.o
 .debug_line    0x0000000000001b08      0xabd /var/folders/c6/c789hm653lg9vtl73krp73tm0000gn/T//ccS6MIhq.ltrans2.ltrans.o
 .debug_line    0x00000000000025c5      0xb78 /var/folders/c6/c789hm653lg9vtl73krp73tm0000gn/T//ccS6MIhq.ltrans3.ltrans.o
 .debug_line    0x000000000000313d      0xfa1 /var/folders/c6/c789hm653lg9vtl73krp73tm0000gn/T//ccS6MIhq.ltrans4.ltrans.o
 .debug_line    0x00000000000040de      0xb05 /var/folders/c6/c789hm653lg9vtl73krp73tm0000gn/T//ccS6MIhq.ltrans5.ltrans.o
 .debug_line    0x0000000000004be3      0xa06 /var/folders/c6/c789hm653lg9vtl73krp73tm0000gn/T//ccS6MIhq.ltrans6.ltrans.o
 .debug_line    0x00000000000055e9      0xaac /var/folders/c6/c789hm653lg9vtl73krp73tm0000gn/T//ccS6MIhq.ltrans7.ltrans.o
 .debug_line    0x0000000000006095      0xa95 /var/folders/c6/c789hm653lg9vtl73krp73tm0000gn/T//ccS6MIhq.ltrans8.ltrans.o

.debug_str      0x0000000000000000     0x3fb2
 .debug_str     0x0000000000000000     0x155a /var/folders/c6/c789hm653lg9vtl73krp73tm0000gn/T//ccS6MIhq.ltrans0.ltrans.o
                                       0x165b (size before relaxing)
 .debug_str     0x000000000000155a      0x7ab /var/folders/c6/c789hm653lg9vtl73krp73tm0000gn/T//ccS6MIhq.ltrans1.ltrans.o
                                       0x14a4 (size before relaxing)
 .debug_str     0x0000000000001d05      0x3b5 /var/folders/c6/c789hm653lg9vtl73krp73tm0000gn/T//ccS6MIhq.ltrans2.ltrans.o
                                        0x9cd (size before relaxing)
 .debug_str     0x00000000000020ba      0x31a /var/folders/c6/c789hm653lg9vtl73krp73tm0000gn/T//ccS6MIhq.ltrans3.ltrans.o
                                       0x13a6 (size before relaxing)
 .debug_str     0x00000000000023d4      0x37c /var/folders/c6/c789hm653lg9vtl73krp73tm0000gn/T//ccS6MIhq.ltrans4.ltrans.o
                                       0x1460 (size before relaxing)
 .debug_str     0x0000000000002750      0x2dc /var/folders/c6/c789hm653lg9vtl73krp73tm0000gn/T//ccS6MIhq.ltrans5.ltrans.o
                                        0xa50 (size before relaxing)
 .debug_str     0x0000000000002a2c      0x46b /var/folders/c6/c789hm653lg9vtl73krp73tm0000gn/T//ccS6MIhq.ltrans6.ltrans.o
                                       0x1396 (size before relaxing)
 .debug_str     0x0000000000002e97      0xd65 /var/folders/c6/c789hm653lg9vtl73krp73tm0000gn/T//ccS6MIhq.ltrans7.ltrans.o
                                       0x1c36 (size before relaxing)
 .debug_str     0x0000000000003bfc      0x3b6 /var/folders/c6/c789hm653lg9vtl73krp73tm0000gn/T//ccS6MIhq.ltrans8.ltrans.o
                                        0xd4b (size before relaxing)

.debug_frame    0x0000000000000000     0x147c
 .debug_frame   0x0000000000000000      0x47c /var/folders/c6/c789hm653lg9vtl73krp73tm0000gn/T//ccS6MIhq.ltrans0.ltrans.o
 .debug_frame   0x000000000000047c      0x144 /var/folders/c6/c789hm653lg9vtl73krp73tm0000gn/T//ccS6MIhq.ltrans1.ltrans.o
 .debug_frame   0x00000000000005c0      0x23c /var/folders/c6/c789hm653lg9vtl73krp73tm0000gn/T//ccS6MIhq.ltrans2.ltrans.o
 .debug_frame   0x00000000000007fc      0x1a4 /var/folders/c6/c789hm653lg9vtl73krp73tm0000gn/T//ccS6MIhq.ltrans3.ltrans.o
 .debug_frame   0x00000000000009a0      0x478 /var/folders/c6/c789hm653lg9vtl73krp73tm0000gn/T//ccS6MIhq.ltrans4.ltrans.o
 .debug_frame   0x0000000000000e18      0x2ac /var/folders/c6/c789hm653lg9vtl73krp73tm0000gn/T//ccS6MIhq.ltrans5.ltrans.o
 .debug_frame   0x00000000000010c4      0x114 /var/folders/c6/c789hm653lg9vtl73krp73tm0000gn/T//ccS6MIhq.ltrans6.ltrans.o
 .debug_frame   0x00000000000011d8       0x2c /var/folders/c6/c789hm653lg9vtl73krp73tm0000gn/T//ccS6MIhq.ltrans7.ltrans.o
 .debug_frame   0x0000000000001204      0x278 /var/folders/c6/c789hm653lg9vtl73krp73tm0000gn/T//ccS6MIhq.ltrans8.ltrans.o

Cross Reference Table

Symbol                                            File
BusFault_Handler                                  /var/folders/c6/c789hm653lg9vtl73krp73tm0000gn/T//ccS6MIhq.ltrans4.ltrans.o
                                                  /var/folders/c6/c789hm653lg9vtl73krp73tm0000gn/T//ccS6MIhq.ltrans6.ltrans.o
DebugMon_Handler                                  /var/folders/c6/c789hm653lg9vtl73krp73tm0000gn/T//ccS6MIhq.ltrans4.ltrans.o
                                                  /var/folders/c6/c789hm653lg9vtl73krp73tm0000gn/T//ccS6MIhq.ltrans6.ltrans.o
HardFault_Handler                                 /var/folders/c6/c789hm653lg9vtl73krp73tm0000gn/T//ccS6MIhq.ltrans4.ltrans.o